RUN: git fetch /tmp/go-abc-01-xjyg7dz7/candidate.bundle main
From /tmp/go-abc-01-xjyg7dz7/candidate.bundle
 * branch              main       -> FETCH_HEAD
RUN: git merge --ff-only FETCH_HEAD
Updating ed6cd0fa..9b3bcfc8
Fast-forward
 .go/architecture-principles.json                   |   4 +-
 .go/architecture/briefs/abc-resume.json            |  89 ++++
 .go/architecture/events.jsonl                      |   1 +
 .go/decisions/events.jsonl                         |   1 +
 .go/deliveries/autonomous-go-runtime-v5/index.html |  10 +
 .../autonomous-go-runtime-v5/manifest.json         | 285 ++++++++++++
 .go/evidence/abc-03-cleanup.json                   |  27 ++
 .go/evidence/abc-03-release.json                   |  24 +
 .go/evidence/abc-03-tag.log                        |  52 +++
 .go/evidence/abc-03-verification.json              |  13 +-
 .go/evidence/events.jsonl                          |   3 +
 .go/hierarchy.json                                 |   2 +-
 .go/plans/abc-lifecycle.json                       |  11 +-
 .go/runs/events.jsonl                              |   2 +
 .go/tasks/{open => active}/abc-04.json             |  57 ++-
 .go/tasks/{active => done}/abc-03.json             | 117 ++++-
 .go/workspaces/abc-03.json                         |   5 +-
 .go/workspaces/abc-04.json                         |  19 +
 CHANGELOG.md                                       |   8 +
 docs/go-autonomous-loop.md                         |  40 ++
 docs/releases/v0.3.19.md                           |  25 ++
 docs/state-safety.md                               |  34 ++
 go_workflow/cli.py                                 |  42 +-
 go_workflow/constants.py                           |   2 +-
 go_workflow/run_state.py                           | 496 +++++++++++++++++++++
 go_workflow/worktrees.py                           |  16 +
 pyproject.toml                                     |   2 +-
 schemas/run-state.schema.json                      | 143 ++++++
 scripts/release-check-inner.sh                     |  16 +
 tests/test_abc_resume.py                           | 273 ++++++++++++
 30 files changed, 1784 insertions(+), 35 deletions(-)
 create mode 100644 .go/architecture/briefs/abc-resume.json
 create mode 100644 .go/deliveries/autonomous-go-runtime-v5/index.html
 create mode 100644 .go/deliveries/autonomous-go-runtime-v5/manifest.json
 create mode 100644 .go/evidence/abc-03-cleanup.json
 create mode 100644 .go/evidence/abc-03-release.json
 create mode 100644 .go/evidence/abc-03-tag.log
 rename .go/tasks/{open => active}/abc-04.json (85%)
 rename .go/tasks/{active => done}/abc-03.json (68%)
 create mode 100644 .go/workspaces/abc-04.json
 create mode 100644 docs/releases/v0.3.19.md
 create mode 100644 go_workflow/run_state.py
 create mode 100644 schemas/run-state.schema.json
 create mode 100644 tests/test_abc_resume.py
RUN: git rev-parse HEAD
9b3bcfc80caff7d63e6b51b82ee2ddb879114b1b
RUN: uv run --python 3.12 --no-project --with pytest>=8,<9 --with jsonschema>=4.23 python -m pytest tests/test_smoke.py tests/test_architecture.py tests/test_abc_contracts.py tests/test_abc_phase_contracts.py tests/test_abc_models.py tests/test_abc_worktrees.py tests/test_abc_context.py tests/test_abc_resume.py -q
........................................................................ [ 25%]
.....................................................................FFF [ 51%]
F.FFFFF.F...FFFFFFFF.................................................... [ 76%]
.................................................................        [100%]
=================================== FAILURES ===================================
___________ test_release_preflight_is_local_and_version_synchronized ___________

tmp_path = PosixPath('/tmp/pytest-of-viggo/pytest-2810/test_release_preflight_is_loca0')

    def test_release_preflight_is_local_and_version_synchronized(tmp_path: Path):
        repo = tmp_path / "release-repo"
        origin = tmp_path / "origin"
        attacker = tmp_path / "attacker"
        attacker_exec = tmp_path / "attacker-exec"
        attacker_marker = tmp_path / "git-helper-invoked"
        release_tmp = tmp_path / "release-tmp"
        release_tmp.mkdir()
        attacker_exec.mkdir()
        upload_pack = attacker_exec / "git-upload-pack"
        upload_pack.write_text(
            f"#!/bin/sh\nprintf invoked > {shlex.quote(str(attacker_marker))}\nexit 99\n",
            encoding="utf-8",
        )
        upload_pack.chmod(0o755)
        shutil.copytree(ROOT, repo, ignore=shutil.ignore_patterns(".git", ".pytest_cache", "__pycache__"))
        for check_name in ("check-linux.sh", "check-distribution.sh"):
            (repo / "scripts" / check_name).write_text(
                "#!/usr/bin/env bash\nset -euo pipefail\n",
                encoding="utf-8",
            )
        subprocess.run(["git", "init", "-q", "-b", "main"], cwd=repo, check=True)
        subprocess.run(["git", "add", "."], cwd=repo, check=True)
        subprocess.run(["git", "-c", "user.name=Pytest", "-c", "user.email=pytest@example.com", "commit", "-m", "release", "-q"], cwd=repo, check=True)
        subprocess.run(["git", "-c", "user.name=Pytest", "-c", "user.email=pytest@example.com", "tag", "-a", STACK_REF, "-m", STACK_REF], cwd=repo, check=True)
        subprocess.run(["git", "clone", "-q", "--bare", str(repo), str(origin)], check=True)
        subprocess.run(["git", "init", "-q", "--bare", str(attacker)], check=True)
        subprocess.run(["git", "remote", "add", "origin", str(origin)], cwd=repo, check=True)
        env = os.environ.copy()
        env["GIT_CONFIG_PARAMETERS"] = f"'url.{attacker}.insteadOf'='{origin}'"
        env["GIT_EXEC_PATH"] = str(attacker_exec)
        env["TMPDIR"] = str(release_tmp)
        result = subprocess.run(
            [
                "./scripts/release-check.sh", STACK_VERSION,
                "--validate-existing", "--allow-local-origin",
            ],
            cwd=repo, text=True, capture_output=True, env=env,
        )
>       assert result.returncode == 0, result.stderr + result.stdout
E       AssertionError: .go required_stack_version is '0.3.18', expected '0.3.19'
E         
E       assert 1 == 0
E        +  where 1 = CompletedProcess(args=['./scripts/release-check.sh', '0.3.19', '--validate-existing', '--allow-local-origin'], returncode=1, stdout='', stderr=".go required_stack_version is '0.3.18', expected '0.3.19'\n").returncode

tests/test_smoke.py:3611: AssertionError
_______ test_release_preflight_allows_normal_tag_gate_before_origin_push _______

tmp_path = PosixPath('/tmp/pytest-of-viggo/pytest-2810/test_release_preflight_allows_0')

    def test_release_preflight_allows_normal_tag_gate_before_origin_push(tmp_path: Path):
        repo = tmp_path / "release-repo"
        origin = tmp_path / "origin"
        shutil.copytree(ROOT, repo, ignore=shutil.ignore_patterns(".git", ".pytest_cache", "__pycache__"))
        for check_name in ("check-linux.sh", "check-distribution.sh"):
            (repo / "scripts" / check_name).write_text(
                "#!/usr/bin/env bash\nset -euo pipefail\n",
                encoding="utf-8",
            )
        subprocess.run(["git", "init", "-q", "-b", "main"], cwd=repo, check=True)
        subprocess.run(["git", "add", "."], cwd=repo, check=True)
        commit = ["git", "-c", "user.name=Pytest", "-c", "user.email=pytest@example.com", "commit", "-q"]
        subprocess.run([*commit, "-m", "base"], cwd=repo, check=True)
        subprocess.run(["git", "clone", "-q", "--bare", str(repo), str(origin)], check=True)
        subprocess.run(["git", "remote", "add", "origin", str(origin)], cwd=repo, check=True)
        (repo / "release-marker.txt").write_text("release candidate\n", encoding="utf-8")
        subprocess.run(["git", "add", "release-marker.txt"], cwd=repo, check=True)
        subprocess.run([*commit, "-m", "release"], cwd=repo, check=True)
        subprocess.run(
            ["git", "-c", "user.name=Pytest", "-c", "user.email=pytest@example.com", "tag", "-a", STACK_REF, "-m", STACK_REF],
            cwd=repo, check=True,
        )
        assert subprocess.run(
            ["git", "--git-dir", str(origin), "show-ref", "--verify", "--quiet", f"refs/tags/{STACK_REF}"],
        ).returncode != 0
    
        upload_pack_marker = tmp_path / "release-source-upload-pack-invoked"
        upload_pack = tmp_path / "attacker-upload-pack"
        upload_pack.write_text(
            f"#!/bin/sh\nprintf invoked > {shlex.quote(str(upload_pack_marker))}\nexit 99\n",
            encoding="utf-8",
        )
        upload_pack.chmod(0o755)
        fsmonitor_marker = tmp_path / "release-reset-fsmonitor-invoked"
        fsmonitor = tmp_path / "attacker-fsmonitor"
        fsmonitor.write_text(
            f"#!/bin/sh\nprintf invoked > {shlex.quote(str(fsmonitor_marker))}\nexit 0\n",
            encoding="utf-8",
        )
        fsmonitor.chmod(0o755)
        env = os.environ.copy()
        env["GIT_CONFIG_COUNT"] = "2"
        env["GIT_CONFIG_KEY_0"] = "remote.release-source.uploadpack"
        env["GIT_CONFIG_VALUE_0"] = str(upload_pack)
        env["GIT_CONFIG_KEY_1"] = "core.fsmonitor"
        env["GIT_CONFIG_VALUE_1"] = str(fsmonitor)
        index_path = repo / ".git" / "index"
        index_before = hashlib.sha256(index_path.read_bytes()).hexdigest()
        result = subprocess.run(
            ["./scripts/release-check.sh", STACK_VERSION],
            cwd=repo, text=True, capture_output=True, env=env,
        )
>       assert result.returncode == 0, result.stderr + result.stdout
E       AssertionError: .go required_stack_version is '0.3.18', expected '0.3.19'
E         
E       assert 1 == 0
E        +  where 1 = CompletedProcess(args=['./scripts/release-check.sh', '0.3.19'], returncode=1, stdout='', stderr=".go required_stack_version is '0.3.18', expected '0.3.19'\n").returncode

tests/test_smoke.py:3670: AssertionError
__________ test_release_preflight_sanitizes_git_config_for_real_gate ___________

tmp_path = PosixPath('/tmp/pytest-of-viggo/pytest-2810/test_release_preflight_sanitiz0')

    def test_release_preflight_sanitizes_git_config_for_real_gate(tmp_path: Path):
        repo = tmp_path / "release-repo"
        hook_dir = tmp_path / "attacker-hooks"
        hook_marker = tmp_path / "pre-commit-invoked"
        hook_dir.mkdir()
        hook = hook_dir / "pre-commit"
        hook.write_text(
            f"#!/bin/sh\nprintf invoked > {shlex.quote(str(hook_marker))}\n",
            encoding="utf-8",
        )
        hook.chmod(0o755)
        fsmonitor_marker = tmp_path / "bash-env-fsmonitor-invoked"
        fsmonitor = tmp_path / "bash-env-fsmonitor"
        fsmonitor.write_text(
            f"#!/bin/sh\nprintf invoked > {shlex.quote(str(fsmonitor_marker))}\nexit 0\n",
            encoding="utf-8",
        )
        fsmonitor.chmod(0o755)
        path_attacker = tmp_path / "path-attacker"
        path_marker = tmp_path / "path-bash-invoked"
        path_attacker.mkdir()
        fake_bash = path_attacker / "bash"
        fake_bash.write_text(
            f"#!/bin/sh\nprintf invoked > {shlex.quote(str(path_marker))}\nexit 0\n",
            encoding="utf-8",
        )
        fake_bash.chmod(0o755)
        fake_home = tmp_path / "attacker-home"
        fake_home_bin = fake_home / ".local" / "bin"
        fake_home_bin.mkdir(parents=True)
        fake_uv_marker = tmp_path / "path-uv-invoked"
        fake_uv = fake_home_bin / "uv"
        fake_uv.write_text(
            f"#!/bin/sh\nprintf invoked > {shlex.quote(str(fake_uv_marker))}\nexit 0\n",
            encoding="utf-8",
        )
        fake_uv.chmod(0o755)
        shutil.copytree(ROOT, repo, ignore=shutil.ignore_patterns(".git", ".pytest_cache", "__pycache__"))
        (repo / "scripts" / "check-linux.sh").write_text(
            "#!/usr/bin/env bash\n"
            "set -euo pipefail\n"
            "echo release-gate-ran\n"
            "test ! -e \"${GO_PROJECT_TEMPLATE:-}\"\n"
            "python3 -c 'import site; assert not site.ENABLE_USER_SITE'\n"
            "test -z \"$(find \"$ROOT\" -mindepth 1 -maxdepth 1 -name 'tmp.*' -print -quit)\"\n"
            "tmp=$(mktemp -d)\n"
            "git -C \"$tmp\" init -q\n"
            "printf checked > \"$tmp/checked.txt\"\n"
            "git -C \"$tmp\" add checked.txt\n"
            "git -C \"$tmp\" -c user.name=Pytest -c user.email=pytest@example.com commit -qm checked\n",
            encoding="utf-8",
        )
        (repo / "scripts" / "check-distribution.sh").write_text(
            "#!/usr/bin/env bash\n"
            "set -euo pipefail\n"
            "case :$PATH: in *:$HOME/.local/bin:*) exit 91 ;; esac\n"
            "python3 --version >/dev/null\n",
            encoding="utf-8",
        )
        subprocess.run(["git", "init", "-q", "-b", "main"], cwd=repo, check=True)
        subprocess.run(["git", "add", "."], cwd=repo, check=True)
        subprocess.run(
            ["git", "-c", "user.name=Pytest", "-c", "user.email=pytest@example.com", "commit", "-m", "release", "-q"],
            cwd=repo,
            check=True,
        )
        subprocess.run(
            ["git", "-c", "user.name=Pytest", "-c", "user.email=pytest@example.com", "tag", "-a", STACK_REF, "-m", STACK_REF],
            cwd=repo,
            check=True,
        )
        origin = tmp_path / "origin"
        subprocess.run(["git", "clone", "-q", "--bare", str(repo), str(origin)], check=True)
        subprocess.run(["git", "remote", "add", "origin", str(origin)], cwd=repo, check=True)
        (repo / "after-tag.txt").write_text("later\n", encoding="utf-8")
        subprocess.run(["git", "add", "after-tag.txt"], cwd=repo, check=True)
        subprocess.run(
            ["git", "-c", "user.name=Pytest", "-c", "user.email=pytest@example.com", "commit", "-m", "later", "-q"],
            cwd=repo,
            check=True,
        )
        subprocess.run(["git", "push", "-q", "origin", "main"], cwd=repo, check=True)
    
        env = os.environ.copy()
        env["GIT_CONFIG_COUNT"] = "1"
        env["GIT_CONFIG_KEY_0"] = "core.hooksPath"
        env["GIT_CONFIG_VALUE_0"] = str(hook_dir)
        env["PATH"] = f"{path_attacker}:{env.get('PATH', '')}"
        env["HOME"] = str(fake_home)
        env["TMPDIR"] = str(repo)
        exported_function_marker = tmp_path / "exported-function-invoked"
        env["BASH_FUNC_pwd%%"] = f"() {{ printf invoked > {shlex.quote(str(exported_function_marker))}; }}"
        env["BASH_FUNC_cd%%"] = f"() {{ printf invoked > {shlex.quote(str(exported_function_marker))}; builtin cd \"$@\"; }}"
        result = subprocess.run(
            ["./scripts/release-check.sh", STACK_VERSION, "--validate-existing", "--allow-local-origin"],
            cwd=repo,
            text=True,
            capture_output=True,
            env=env,
        )
    
>       assert result.returncode == 0, result.stderr + result.stdout
E       AssertionError: .go required_stack_version is '0.3.18', expected '0.3.19'
E         
E       assert 1 == 0
E        +  where 1 = CompletedProcess(args=['./scripts/release-check.sh', '0.3.19', '--validate-existing', '--allow-local-origin'], returncode=1, stdout='', stderr=".go required_stack_version is '0.3.18', expected '0.3.19'\n").returncode

tests/test_smoke.py:3778: AssertionError
________ test_release_preflight_rejects_tag_that_does_not_point_to_head ________

tmp_path = PosixPath('/tmp/pytest-of-viggo/pytest-2810/test_release_preflight_rejects0')

    def test_release_preflight_rejects_tag_that_does_not_point_to_head(tmp_path: Path):
        repo = tmp_path / "release-repo"
        shutil.copytree(ROOT, repo, ignore=shutil.ignore_patterns(".git", ".pytest_cache", "__pycache__"))
        subprocess.run(["git", "init", "-q", "-b", "main"], cwd=repo, check=True)
        subprocess.run(["git", "add", "."], cwd=repo, check=True)
        subprocess.run(["git", "-c", "user.name=Pytest", "-c", "user.email=pytest@example.com", "commit", "-m", "release", "-q"], cwd=repo, check=True)
        subprocess.run(["git", "-c", "user.name=Pytest", "-c", "user.email=pytest@example.com", "tag", "-a", STACK_REF, "-m", STACK_REF], cwd=repo, check=True)
        (repo / "after-tag.txt").write_text("later\n", encoding="utf-8")
        subprocess.run(["git", "add", "after-tag.txt"], cwd=repo, check=True)
        subprocess.run(["git", "-c", "user.name=Pytest", "-c", "user.email=pytest@example.com", "commit", "-m", "later", "-q"], cwd=repo, check=True)
        env = os.environ.copy()
        result = subprocess.run(
            ["./scripts/release-check.sh", STACK_VERSION],
            cwd=repo, text=True, capture_output=True, env=env,
        )
        assert result.returncode == 1
>       assert "does not point to HEAD" in result.stderr
E       assert 'does not point to HEAD' in ".go required_stack_version is '0.3.18', expected '0.3.19'\n"
E        +  where ".go required_stack_version is '0.3.18', expected '0.3.19'\n" = CompletedProcess(args=['./scripts/release-check.sh', '0.3.19'], returncode=1, stdout='', stderr=".go required_stack_version is '0.3.18', expected '0.3.19'\n").stderr

tests/test_smoke.py:3849: AssertionError
____ test_release_preflight_fails_closed_when_git_status_cannot_read_index _____

tmp_path = PosixPath('/tmp/pytest-of-viggo/pytest-2810/test_release_preflight_fails_c0')

    def test_release_preflight_fails_closed_when_git_status_cannot_read_index(tmp_path: Path):
        repo = tmp_path / "release-repo"
        shutil.copytree(ROOT, repo, ignore=shutil.ignore_patterns(".git", ".pytest_cache", "__pycache__"))
        subprocess.run(["git", "init", "-q", "-b", "main"], cwd=repo, check=True)
        subprocess.run(["git", "add", "."], cwd=repo, check=True)
        subprocess.run(
            ["git", "-c", "user.name=Pytest", "-c", "user.email=pytest@example.com", "commit", "-m", "release", "-q"],
            cwd=repo,
            check=True,
        )
        subprocess.run(
            ["git", "-c", "user.name=Pytest", "-c", "user.email=pytest@example.com", "tag", "-a", STACK_REF, "-m", STACK_REF],
            cwd=repo,
            check=True,
        )
        (repo / ".git" / "index").write_bytes(b"broken")
    
        result = subprocess.run(
            ["./scripts/release-check.sh", STACK_VERSION],
            cwd=repo,
            text=True,
            capture_output=True,
        )
    
        assert result.returncode == 1
>       assert "could not inspect the caller worktree" in result.stderr
E       assert 'could not inspect the caller worktree' in ".go required_stack_version is '0.3.18', expected '0.3.19'\n"
E        +  where ".go required_stack_version is '0.3.18', expected '0.3.19'\n" = CompletedProcess(args=['./scripts/release-check.sh', '0.3.19'], returncode=1, stdout='', stderr=".go required_stack_version is '0.3.18', expected '0.3.19'\n").stderr

tests/test_smoke.py:3919: AssertionError
_______ test_release_preflight_does_not_execute_repo_local_clean_filter ________

tmp_path = PosixPath('/tmp/pytest-of-viggo/pytest-2810/test_release_preflight_does_no0')

    def test_release_preflight_does_not_execute_repo_local_clean_filter(tmp_path: Path):
        repo = tmp_path / "release-repo"
        filter_marker = tmp_path / "clean-filter-invoked"
        clean_filter = tmp_path / "clean-filter"
        clean_filter.write_text(
            "#!/bin/sh\n"
            f"printf invoked > {shlex.quote(str(filter_marker))}\n"
            "cat\n",
            encoding="utf-8",
        )
        clean_filter.chmod(0o755)
        shutil.copytree(ROOT, repo, ignore=shutil.ignore_patterns(".git", ".pytest_cache", "__pycache__"))
        for check_name in ("check-linux.sh", "check-distribution.sh"):
            (repo / "scripts" / check_name).write_text(
                "#!/usr/bin/env bash\nset -euo pipefail\n",
                encoding="utf-8",
            )
        (repo / ".gitattributes").write_text("*.txt filter=attack\n", encoding="utf-8")
        (repo / "payload.txt").write_text("release payload\n", encoding="utf-8")
        subprocess.run(["git", "init", "-q", "-b", "main"], cwd=repo, check=True)
        subprocess.run(["git", "add", "."], cwd=repo, check=True)
        subprocess.run(
            ["git", "-c", "user.name=Pytest", "-c", "user.email=pytest@example.com", "commit", "-m", "release", "-q"],
            cwd=repo,
            check=True,
        )
        subprocess.run(
            ["git", "-c", "user.name=Pytest", "-c", "user.email=pytest@example.com", "tag", "-a", STACK_REF, "-m", STACK_REF],
            cwd=repo,
            check=True,
        )
        subprocess.run(["git", "config", "--local", "filter.attack.clean", str(clean_filter)], cwd=repo, check=True)
        (repo / "payload.txt").write_text("attack probe\n", encoding="utf-8")
        subprocess.run(
            ["git", "hash-object", "--path=payload.txt", "payload.txt"],
            cwd=repo,
            check=True,
            stdout=subprocess.DEVNULL,
        )
        assert filter_marker.exists(), "fixture must prove Git can execute the configured clean filter"
        filter_marker.unlink()
        (repo / "payload.txt").write_text("release payload\n", encoding="utf-8")
    
        result = subprocess.run(
            ["./scripts/release-check.sh", STACK_VERSION],
            cwd=repo,
            text=True,
            capture_output=True,
        )
    
>       assert result.returncode == 0, result.stderr + result.stdout
E       AssertionError: .go required_stack_version is '0.3.18', expected '0.3.19'
E         
E       assert 1 == 0
E        +  where 1 = CompletedProcess(args=['./scripts/release-check.sh', '0.3.19'], returncode=1, stdout='', stderr=".go required_stack_version is '0.3.18', expected '0.3.19'\n").returncode

tests/test_smoke.py:3973: AssertionError
_ test_release_preflight_cannot_hide_modified_file_with_index_flag[--assume-unchanged] _

tmp_path = PosixPath('/tmp/pytest-of-viggo/pytest-2810/test_release_preflight_cannot_0')
index_flag = '--assume-unchanged'

    @pytest.mark.parametrize("index_flag", ["--assume-unchanged", "--skip-worktree"])
    def test_release_preflight_cannot_hide_modified_file_with_index_flag(tmp_path: Path, index_flag: str):
        repo = tmp_path / "release-repo"
        shutil.copytree(ROOT, repo, ignore=shutil.ignore_patterns(".git", ".pytest_cache", "__pycache__"))
        for check_name in ("check-linux.sh", "check-distribution.sh"):
            (repo / "scripts" / check_name).write_text(
                "#!/usr/bin/env bash\nset -euo pipefail\n",
                encoding="utf-8",
            )
        (repo / "payload.txt").write_text("release payload\n", encoding="utf-8")
        subprocess.run(["git", "init", "-q", "-b", "main"], cwd=repo, check=True)
        subprocess.run(["git", "add", "."], cwd=repo, check=True)
        subprocess.run(
            ["git", "-c", "user.name=Pytest", "-c", "user.email=pytest@example.com", "commit", "-m", "release", "-q"],
            cwd=repo,
            check=True,
        )
        subprocess.run(
            ["git", "-c", "user.name=Pytest", "-c", "user.email=pytest@example.com", "tag", "-a", STACK_REF, "-m", STACK_REF],
            cwd=repo,
            check=True,
        )
        subprocess.run(["git", "update-index", index_flag, "payload.txt"], cwd=repo, check=True)
        (repo / "payload.txt").write_text("modified payload\n", encoding="utf-8")
    
        result = subprocess.run(
            ["./scripts/release-check.sh", STACK_VERSION],
            cwd=repo,
            text=True,
            capture_output=True,
        )
    
        assert result.returncode == 1
>       assert "release worktree must be clean" in result.stderr
E       assert 'release worktree must be clean' in ".go required_stack_version is '0.3.18', expected '0.3.19'\n"
E        +  where ".go required_stack_version is '0.3.18', expected '0.3.19'\n" = CompletedProcess(args=['./scripts/release-check.sh', '0.3.19'], returncode=1, stdout='', stderr=".go required_stack_version is '0.3.18', expected '0.3.19'\n").stderr

tests/test_smoke.py:4010: AssertionError
_ test_release_preflight_cannot_hide_modified_file_with_index_flag[--skip-worktree] _

tmp_path = PosixPath('/tmp/pytest-of-viggo/pytest-2810/test_release_preflight_cannot_1')
index_flag = '--skip-worktree'

    @pytest.mark.parametrize("index_flag", ["--assume-unchanged", "--skip-worktree"])
    def test_release_preflight_cannot_hide_modified_file_with_index_flag(tmp_path: Path, index_flag: str):
        repo = tmp_path / "release-repo"
        shutil.copytree(ROOT, repo, ignore=shutil.ignore_patterns(".git", ".pytest_cache", "__pycache__"))
        for check_name in ("check-linux.sh", "check-distribution.sh"):
            (repo / "scripts" / check_name).write_text(
                "#!/usr/bin/env bash\nset -euo pipefail\n",
                encoding="utf-8",
            )
        (repo / "payload.txt").write_text("release payload\n", encoding="utf-8")
        subprocess.run(["git", "init", "-q", "-b", "main"], cwd=repo, check=True)
        subprocess.run(["git", "add", "."], cwd=repo, check=True)
        subprocess.run(
            ["git", "-c", "user.name=Pytest", "-c", "user.email=pytest@example.com", "commit", "-m", "release", "-q"],
            cwd=repo,
            check=True,
        )
        subprocess.run(
            ["git", "-c", "user.name=Pytest", "-c", "user.email=pytest@example.com", "tag", "-a", STACK_REF, "-m", STACK_REF],
            cwd=repo,
            check=True,
        )
        subprocess.run(["git", "update-index", index_flag, "payload.txt"], cwd=repo, check=True)
        (repo / "payload.txt").write_text("modified payload\n", encoding="utf-8")
    
        result = subprocess.run(
            ["./scripts/release-check.sh", STACK_VERSION],
            cwd=repo,
            text=True,
            capture_output=True,
        )
    
        assert result.returncode == 1
>       assert "release worktree must be clean" in result.stderr
E       assert 'release worktree must be clean' in ".go required_stack_version is '0.3.18', expected '0.3.19'\n"
E        +  where ".go required_stack_version is '0.3.18', expected '0.3.19'\n" = CompletedProcess(args=['./scripts/release-check.sh', '0.3.19'], returncode=1, stdout='', stderr=".go required_stack_version is '0.3.18', expected '0.3.19'\n").stderr

tests/test_smoke.py:4010: AssertionError
_ test_historical_release_gate_cannot_write_relative_file_into_caller_checkout _

tmp_path = PosixPath('/tmp/pytest-of-viggo/pytest-2810/test_historical_release_gate_c0')

    def test_historical_release_gate_cannot_write_relative_file_into_caller_checkout(tmp_path: Path):
        repo = tmp_path / "release-repo"
        origin = tmp_path / "origin"
        marker_name = "caller-checkout-mutated.txt"
        shutil.copytree(ROOT, repo, ignore=shutil.ignore_patterns(".git", ".pytest_cache", "__pycache__"))
        (repo / "scripts" / "check-linux.sh").write_text(
            "#!/usr/bin/env bash\n"
            "set -euo pipefail\n"
            f"printf attempted > {shlex.quote(marker_name)}\n",
            encoding="utf-8",
        )
        (repo / "scripts" / "check-distribution.sh").write_text(
            "#!/usr/bin/env bash\nset -euo pipefail\n",
            encoding="utf-8",
        )
        subprocess.run(["git", "init", "-q", "-b", "main"], cwd=repo, check=True)
        subprocess.run(["git", "add", "."], cwd=repo, check=True)
        commit = ["git", "-c", "user.name=Pytest", "-c", "user.email=pytest@example.com", "commit", "-q"]
        subprocess.run([*commit, "-m", "release"], cwd=repo, check=True)
        subprocess.run(
            ["git", "-c", "user.name=Pytest", "-c", "user.email=pytest@example.com", "tag", "-a", STACK_REF, "-m", STACK_REF],
            cwd=repo,
            check=True,
        )
        (repo / "after-tag.txt").write_text("later\n", encoding="utf-8")
        subprocess.run(["git", "add", "after-tag.txt"], cwd=repo, check=True)
        subprocess.run([*commit, "-m", "later"], cwd=repo, check=True)
        subprocess.run(["git", "clone", "-q", "--bare", str(repo), str(origin)], check=True)
        subprocess.run(["git", "remote", "add", "origin", str(origin)], cwd=repo, check=True)
    
        result = subprocess.run(
            ["./scripts/release-check.sh", STACK_VERSION, "--validate-existing", "--allow-local-origin"],
            cwd=repo,
            text=True,
            capture_output=True,
        )
    
>       assert result.returncode == 0, result.stderr + result.stdout
E       AssertionError: .go required_stack_version is '0.3.18', expected '0.3.19'
E         
E       assert 1 == 0
E        +  where 1 = CompletedProcess(args=['./scripts/release-check.sh', '0.3.19', '--validate-existing', '--allow-local-origin'], returncode=1, stdout='', stderr=".go required_stack_version is '0.3.18', expected '0.3.19'\n").returncode

tests/test_smoke.py:4050: AssertionError
_______ test_release_launcher_bootstrap_ignores_git_replacement_for_head _______

tmp_path = PosixPath('/tmp/pytest-of-viggo/pytest-2810/test_release_launcher_bootstra0')

    def test_release_launcher_bootstrap_ignores_git_replacement_for_head(tmp_path: Path):
        repo = tmp_path / "release-repo"
        origin = tmp_path / "origin"
        trusted_launcher = tmp_path / "go-workflow-release-check"
        launcher_marker = tmp_path / "replacement-launcher-executed"
        inner_marker = tmp_path / "replacement-inner-executed"
        shutil.copytree(ROOT, repo, ignore=shutil.ignore_patterns(".git", ".pytest_cache", "__pycache__"))
        for check_name in ("check-linux.sh", "check-distribution.sh"):
            (repo / "scripts" / check_name).write_text(
                "#!/usr/bin/env bash\nset -euo pipefail\n",
                encoding="utf-8",
            )
        subprocess.run(["git", "init", "-q", "-b", "main"], cwd=repo, check=True)
        subprocess.run(["git", "add", "."], cwd=repo, check=True)
        commit = ["git", "-c", "user.name=Pytest", "-c", "user.email=pytest@example.com", "commit", "-q"]
        subprocess.run([*commit, "-m", "release"], cwd=repo, check=True)
        original_head = subprocess.check_output(["git", "rev-parse", "HEAD"], cwd=repo, text=True).strip()
        subprocess.run(
            ["git", "-c", "user.name=Pytest", "-c", "user.email=pytest@example.com", "tag", "-a", STACK_REF, "-m", STACK_REF],
            cwd=repo,
            check=True,
        )
        subprocess.run(["git", "clone", "-q", "--bare", str(repo), str(origin)], check=True)
        subprocess.run(["git", "remote", "add", "origin", str(origin)], cwd=repo, check=True)
    
        (repo / "scripts" / "release-check.sh").write_text(
            "#!/usr/bin/python3 -I\n"
            f"from pathlib import Path\nPath({str(launcher_marker)!r}).write_text('invoked')\n",
            encoding="utf-8",
        )
        (repo / "scripts" / "release-check-inner.sh").write_text(
            "#!/usr/bin/env bash\n"
            f"printf invoked > {shlex.quote(str(inner_marker))}\n"
            "exit 0\n",
            encoding="utf-8",
        )
        subprocess.run(
            ["git", "add", "scripts/release-check.sh", "scripts/release-check-inner.sh"],
            cwd=repo,
            check=True,
        )
        subprocess.run([*commit, "-m", "replacement payload"], cwd=repo, check=True)
        replacement_commit = subprocess.check_output(["git", "rev-parse", "HEAD"], cwd=repo, text=True).strip()
        subprocess.run(["git", "checkout", "-q", "--detach", original_head], cwd=repo, check=True)
        subprocess.run(["git", "replace", original_head, replacement_commit], cwd=repo, check=True)
    
        clean_git_env = {
            "HOME": str(tmp_path),
            "PATH": "/usr/bin:/bin",
            "LANG": "C.UTF-8",
            "GIT_CONFIG_GLOBAL": "/dev/null",
            "GIT_CONFIG_SYSTEM": "/dev/null",
            "GIT_CONFIG_NOSYSTEM": "1",
            "GIT_NO_REPLACE_OBJECTS": "1",
        }
        release_commit = subprocess.check_output(
            ["/usr/bin/git", "--no-replace-objects", "-C", str(repo), "rev-parse", "--verify", "HEAD^{commit}"],
            text=True,
            env=clean_git_env,
        ).strip()
        assert release_commit == original_head
        trusted_launcher.write_bytes(
            subprocess.check_output(
                [
                    "/usr/bin/git", "--no-replace-objects", "--no-pager", "-C", str(repo),
                    "show", f"{release_commit}:scripts/release-check.sh",
                ],
                env=clean_git_env,
            )
        )
        trusted_launcher.chmod(0o755)
    
        result = subprocess.run(
            [str(trusted_launcher), "--repo", str(repo), STACK_VERSION, "--allow-local-origin"],
            cwd=repo,
            text=True,
            capture_output=True,
        )
    
>       assert result.returncode == 0, result.stderr + result.stdout
E       AssertionError: .go required_stack_version is '0.3.18', expected '0.3.19'
E         
E       assert 1 == 0
E        +  where 1 = CompletedProcess(args=['/tmp/pytest-of-viggo/pytest-2810/test_release_launcher_bootstra0/go-workflow-release-check', '...'--allow-local-origin'], returncode=1, stdout='', stderr=".go required_stack_version is '0.3.18', expected '0.3.19'\n").returncode

tests/test_smoke.py:4178: AssertionError
______ test_release_preflight_cannot_hide_untracked_files_with_git_config ______

tmp_path = PosixPath('/tmp/pytest-of-viggo/pytest-2810/test_release_preflight_cannot_2')

    def test_release_preflight_cannot_hide_untracked_files_with_git_config(tmp_path: Path):
        repo = tmp_path / "release-repo"
        redirected_worktree = tmp_path / "redirected-worktree"
        redirected_worktree.mkdir()
        shutil.copytree(ROOT, repo, ignore=shutil.ignore_patterns(".git", ".pytest_cache", "__pycache__"))
        subprocess.run(["git", "init", "-q", "-b", "main"], cwd=repo, check=True)
        subprocess.run(["git", "add", "."], cwd=repo, check=True)
        subprocess.run(
            ["git", "-c", "user.name=Pytest", "-c", "user.email=pytest@example.com", "commit", "-m", "release", "-q"],
            cwd=repo, check=True,
        )
        subprocess.run(
            ["git", "-c", "user.name=Pytest", "-c", "user.email=pytest@example.com", "tag", "-a", STACK_REF, "-m", STACK_REF],
            cwd=repo, check=True,
        )
        (repo / "untracked-release-input.txt").write_text("must be detected\n", encoding="utf-8")
        fsmonitor_marker = tmp_path / "fsmonitor-invoked"
        fsmonitor = tmp_path / "fsmonitor-hook"
        fsmonitor.write_text(
            f"#!/bin/sh\nprintf invoked > {shlex.quote(str(fsmonitor_marker))}\nexit 0\n",
            encoding="utf-8",
        )
        fsmonitor.chmod(0o755)
        subprocess.run(["git", "config", "--local", "core.fsmonitor", str(fsmonitor)], cwd=repo, check=True)
        subprocess.run(["git", "config", "--local", "core.worktree", str(redirected_worktree)], cwd=repo, check=True)
        env = os.environ.copy()
        env["GIT_CONFIG_PARAMETERS"] = "'status.showUntrackedFiles'='no'"
        result = subprocess.run(
            ["./scripts/release-check.sh", STACK_VERSION],
            cwd=repo, text=True, capture_output=True, env=env,
        )
        assert result.returncode == 1
>       assert "release worktree must be clean" in result.stderr
E       assert 'release worktree must be clean' in ".go required_stack_version is '0.3.18', expected '0.3.19'\n"
E        +  where ".go required_stack_version is '0.3.18', expected '0.3.19'\n" = CompletedProcess(args=['./scripts/release-check.sh', '0.3.19'], returncode=1, stdout='', stderr=".go required_stack_version is '0.3.18', expected '0.3.19'\n").stderr

tests/test_smoke.py:4304: AssertionError
___ test_release_preflight_validates_existing_tag_from_separate_shallow_tips ___

tmp_path = PosixPath('/tmp/pytest-of-viggo/pytest-2810/test_release_preflight_validat0')

    def test_release_preflight_validates_existing_tag_from_separate_shallow_tips(tmp_path: Path):
        origin = tmp_path / "origin"
        repo = tmp_path / "release-repo"
        shallow = tmp_path / "shallow"
        shutil.copytree(ROOT, repo, ignore=shutil.ignore_patterns(".git", ".pytest_cache", "__pycache__"))
        (repo / "scripts" / "check-linux.sh").write_text(
            "#!/usr/bin/env bash\nset -euo pipefail\nROOT=$(cd \"$(dirname \"${BASH_SOURCE[0]}\")/..\" && pwd)\ngit -C \"$ROOT\" show-ref --verify --quiet refs/tags/v0.3.7\n",
            encoding="utf-8",
        )
        (repo / "scripts" / "check-distribution.sh").write_text(
            "#!/usr/bin/env bash\nset -euo pipefail\n",
            encoding="utf-8",
        )
        subprocess.run(["git", "init", "-q", "-b", "main"], cwd=repo, check=True)
        subprocess.run(["git", "add", "."], cwd=repo, check=True)
        commit = ["git", "-c", "user.name=Pytest", "-c", "user.email=pytest@example.com", "commit", "-q"]
        subprocess.run([*commit, "-m", "historical"], cwd=repo, check=True)
        subprocess.run(["git", "-c", "user.name=Pytest", "-c", "user.email=pytest@example.com", "tag", "-a", "v0.3.7", "-m", "v0.3.7"], cwd=repo, check=True)
        (repo / "release.txt").write_text("release\n", encoding="utf-8")
        subprocess.run(["git", "add", "release.txt"], cwd=repo, check=True)
        subprocess.run([*commit, "-m", "release"], cwd=repo, check=True)
        subprocess.run(["git", "-c", "user.name=Pytest", "-c", "user.email=pytest@example.com", "tag", "-a", STACK_REF, "-m", STACK_REF], cwd=repo, check=True)
        (repo / "after-tag.txt").write_text("later\n", encoding="utf-8")
        subprocess.run(["git", "add", "after-tag.txt"], cwd=repo, check=True)
        subprocess.run([*commit, "-m", "later"], cwd=repo, check=True)
        subprocess.run(["git", "clone", "-q", "--bare", str(repo), str(origin)], check=True)
        subprocess.run(["git", "clone", "-q", "--depth", "1", "--no-tags", f"file://{origin}", str(shallow)], check=True)
        subprocess.run(["git", "remote", "set-url", "origin", "../origin"], cwd=shallow, check=True)
        assert subprocess.run(
            ["git", "show-ref", "--verify", "--quiet", f"refs/tags/{STACK_REF}"], cwd=shallow,
        ).returncode != 0
        assert subprocess.run(
            ["git", "merge-base", "--is-ancestor", STACK_REF, "HEAD"], cwd=shallow,
        ).returncode != 0
    
        result = subprocess.run(
            ["./scripts/release-check.sh", STACK_VERSION, "--validate-existing", "--allow-local-origin"],
            cwd=shallow, text=True, capture_output=True,
        )
>       assert result.returncode == 0, result.stderr + result.stdout
E       AssertionError: .go required_stack_version is '0.3.18', expected '0.3.19'
E         
E       assert 1 == 0
E        +  where 1 = CompletedProcess(args=['./scripts/release-check.sh', '0.3.19', '--validate-existing', '--allow-local-origin'], returncode=1, stdout='', stderr=".go required_stack_version is '0.3.18', expected '0.3.19'\n").returncode

tests/test_smoke.py:4347: AssertionError
----------------------------- Captured stderr call -----------------------------
fatal: Not a valid object name v0.3.19
_ test_release_preflight_rejects_untrusted_origin[https://example.com/attacker/go-workflow-stack.git-False-refuses non-official origin] _

tmp_path = PosixPath('/tmp/pytest-of-viggo/pytest-2810/test_release_preflight_rejects2')
origin_url = 'https://example.com/attacker/go-workflow-stack.git'
allow_local = False, expected_error = 'refuses non-official origin'

    @pytest.mark.parametrize(
        ("origin_url", "allow_local", "expected_error"),
        [
            ("https://example.com/attacker/go-workflow-stack.git", False, "refuses non-official origin"),
            ("ext::malicious-helper", True, "refuses remote-helper origin"),
            ("git+https://github.com/viggomeesters/go-workflow-stack.git", False, "refuses remote-helper origin"),
            ("Git+https://github.com/viggomeesters/go-workflow-stack.git", False, "refuses remote-helper origin"),
            ("git@github.com:viggomeesters/go-workflow-stack.git", False, "requires the official HTTPS origin"),
        ],
    )
    def test_release_preflight_rejects_untrusted_origin(
        tmp_path: Path, origin_url: str, allow_local: bool, expected_error: str,
    ):
        repo = tmp_path / "release-repo"
        shutil.copytree(ROOT, repo, ignore=shutil.ignore_patterns(".git", ".pytest_cache", "__pycache__"))
        subprocess.run(["git", "init", "-q", "-b", "main"], cwd=repo, check=True)
        subprocess.run(["git", "add", "."], cwd=repo, check=True)
        subprocess.run(
            ["git", "-c", "user.name=Pytest", "-c", "user.email=pytest@example.com", "commit", "-m", "release", "-q"],
            cwd=repo, check=True,
        )
        subprocess.run(
            ["git", "-c", "user.name=Pytest", "-c", "user.email=pytest@example.com", "tag", "-a", STACK_REF, "-m", STACK_REF],
            cwd=repo, check=True,
        )
        subprocess.run(["git", "remote", "add", "origin", origin_url], cwd=repo, check=True)
        if "::" in origin_url:
            subprocess.run(["git", "config", "--local", f"url.{repo}.insteadOf", origin_url], cwd=repo, check=True)
            rewritten = subprocess.run(
                ["git", "remote", "get-url", "origin"], cwd=repo, text=True, capture_output=True, check=True,
            )
            assert rewritten.stdout.strip() == str(repo)
        env = os.environ.copy()
        command = [
            "./scripts/release-check.sh", STACK_VERSION,
            "--validate-existing",
        ]
        if allow_local:
            command.append("--allow-local-origin")
        result = subprocess.run(
            command,
            cwd=repo, text=True, capture_output=True, env=env,
        )
        assert result.returncode == 1
>       assert expected_error in result.stderr
E       assert 'refuses non-official origin' in ".go required_stack_version is '0.3.18', expected '0.3.19'\n"
E        +  where ".go required_stack_version is '0.3.18', expected '0.3.19'\n" = CompletedProcess(args=['./scripts/release-check.sh', '0.3.19', '--validate-existing'], returncode=1, stdout='', stderr=".go required_stack_version is '0.3.18', expected '0.3.19'\n").stderr

tests/test_smoke.py:4395: AssertionError
_ test_release_preflight_rejects_untrusted_origin[ext::malicious-helper-True-refuses remote-helper origin] _

tmp_path = PosixPath('/tmp/pytest-of-viggo/pytest-2810/test_release_preflight_rejects3')
origin_url = 'ext::malicious-helper', allow_local = True
expected_error = 'refuses remote-helper origin'

    @pytest.mark.parametrize(
        ("origin_url", "allow_local", "expected_error"),
        [
            ("https://example.com/attacker/go-workflow-stack.git", False, "refuses non-official origin"),
            ("ext::malicious-helper", True, "refuses remote-helper origin"),
            ("git+https://github.com/viggomeesters/go-workflow-stack.git", False, "refuses remote-helper origin"),
            ("Git+https://github.com/viggomeesters/go-workflow-stack.git", False, "refuses remote-helper origin"),
            ("git@github.com:viggomeesters/go-workflow-stack.git", False, "requires the official HTTPS origin"),
        ],
    )
    def test_release_preflight_rejects_untrusted_origin(
        tmp_path: Path, origin_url: str, allow_local: bool, expected_error: str,
    ):
        repo = tmp_path / "release-repo"
        shutil.copytree(ROOT, repo, ignore=shutil.ignore_patterns(".git", ".pytest_cache", "__pycache__"))
        subprocess.run(["git", "init", "-q", "-b", "main"], cwd=repo, check=True)
        subprocess.run(["git", "add", "."], cwd=repo, check=True)
        subprocess.run(
            ["git", "-c", "user.name=Pytest", "-c", "user.email=pytest@example.com", "commit", "-m", "release", "-q"],
            cwd=repo, check=True,
        )
        subprocess.run(
            ["git", "-c", "user.name=Pytest", "-c", "user.email=pytest@example.com", "tag", "-a", STACK_REF, "-m", STACK_REF],
            cwd=repo, check=True,
        )
        subprocess.run(["git", "remote", "add", "origin", origin_url], cwd=repo, check=True)
        if "::" in origin_url:
            subprocess.run(["git", "config", "--local", f"url.{repo}.insteadOf", origin_url], cwd=repo, check=True)
            rewritten = subprocess.run(
                ["git", "remote", "get-url", "origin"], cwd=repo, text=True, capture_output=True, check=True,
            )
            assert rewritten.stdout.strip() == str(repo)
        env = os.environ.copy()
        command = [
            "./scripts/release-check.sh", STACK_VERSION,
            "--validate-existing",
        ]
        if allow_local:
            command.append("--allow-local-origin")
        result = subprocess.run(
            command,
            cwd=repo, text=True, capture_output=True, env=env,
        )
        assert result.returncode == 1
>       assert expected_error in result.stderr
E       assert 'refuses remote-helper origin' in ".go required_stack_version is '0.3.18', expected '0.3.19'\n"
E        +  where ".go required_stack_version is '0.3.18', expected '0.3.19'\n" = CompletedProcess(args=['./scripts/release-check.sh', '0.3.19', '--validate-existing', '--allow-local-origin'], returncode=1, stdout='', stderr=".go required_stack_version is '0.3.18', expected '0.3.19'\n").stderr

tests/test_smoke.py:4395: AssertionError
_ test_release_preflight_rejects_untrusted_origin[git+https://github.com/viggomeesters/go-workflow-stack.git-False-refuses remote-helper origin] _

tmp_path = PosixPath('/tmp/pytest-of-viggo/pytest-2810/test_release_preflight_rejects4')
origin_url = 'git+https://github.com/viggomeesters/go-workflow-stack.git'
allow_local = False, expected_error = 'refuses remote-helper origin'

    @pytest.mark.parametrize(
        ("origin_url", "allow_local", "expected_error"),
        [
            ("https://example.com/attacker/go-workflow-stack.git", False, "refuses non-official origin"),
            ("ext::malicious-helper", True, "refuses remote-helper origin"),
            ("git+https://github.com/viggomeesters/go-workflow-stack.git", False, "refuses remote-helper origin"),
            ("Git+https://github.com/viggomeesters/go-workflow-stack.git", False, "refuses remote-helper origin"),
            ("git@github.com:viggomeesters/go-workflow-stack.git", False, "requires the official HTTPS origin"),
        ],
    )
    def test_release_preflight_rejects_untrusted_origin(
        tmp_path: Path, origin_url: str, allow_local: bool, expected_error: str,
    ):
        repo = tmp_path / "release-repo"
        shutil.copytree(ROOT, repo, ignore=shutil.ignore_patterns(".git", ".pytest_cache", "__pycache__"))
        subprocess.run(["git", "init", "-q", "-b", "main"], cwd=repo, check=True)
        subprocess.run(["git", "add", "."], cwd=repo, check=True)
        subprocess.run(
            ["git", "-c", "user.name=Pytest", "-c", "user.email=pytest@example.com", "commit", "-m", "release", "-q"],
            cwd=repo, check=True,
        )
        subprocess.run(
            ["git", "-c", "user.name=Pytest", "-c", "user.email=pytest@example.com", "tag", "-a", STACK_REF, "-m", STACK_REF],
            cwd=repo, check=True,
        )
        subprocess.run(["git", "remote", "add", "origin", origin_url], cwd=repo, check=True)
        if "::" in origin_url:
            subprocess.run(["git", "config", "--local", f"url.{repo}.insteadOf", origin_url], cwd=repo, check=True)
            rewritten = subprocess.run(
                ["git", "remote", "get-url", "origin"], cwd=repo, text=True, capture_output=True, check=True,
            )
            assert rewritten.stdout.strip() == str(repo)
        env = os.environ.copy()
        command = [
            "./scripts/release-check.sh", STACK_VERSION,
            "--validate-existing",
        ]
        if allow_local:
            command.append("--allow-local-origin")
        result = subprocess.run(
            command,
            cwd=repo, text=True, capture_output=True, env=env,
        )
        assert result.returncode == 1
>       assert expected_error in result.stderr
E       assert 'refuses remote-helper origin' in ".go required_stack_version is '0.3.18', expected '0.3.19'\n"
E        +  where ".go required_stack_version is '0.3.18', expected '0.3.19'\n" = CompletedProcess(args=['./scripts/release-check.sh', '0.3.19', '--validate-existing'], returncode=1, stdout='', stderr=".go required_stack_version is '0.3.18', expected '0.3.19'\n").stderr

tests/test_smoke.py:4395: AssertionError
_ test_release_preflight_rejects_untrusted_origin[Git+https://github.com/viggomeesters/go-workflow-stack.git-False-refuses remote-helper origin] _

tmp_path = PosixPath('/tmp/pytest-of-viggo/pytest-2810/test_release_preflight_rejects5')
origin_url = 'Git+https://github.com/viggomeesters/go-workflow-stack.git'
allow_local = False, expected_error = 'refuses remote-helper origin'

    @pytest.mark.parametrize(
        ("origin_url", "allow_local", "expected_error"),
        [
            ("https://example.com/attacker/go-workflow-stack.git", False, "refuses non-official origin"),
            ("ext::malicious-helper", True, "refuses remote-helper origin"),
            ("git+https://github.com/viggomeesters/go-workflow-stack.git", False, "refuses remote-helper origin"),
            ("Git+https://github.com/viggomeesters/go-workflow-stack.git", False, "refuses remote-helper origin"),
            ("git@github.com:viggomeesters/go-workflow-stack.git", False, "requires the official HTTPS origin"),
        ],
    )
    def test_release_preflight_rejects_untrusted_origin(
        tmp_path: Path, origin_url: str, allow_local: bool, expected_error: str,
    ):
        repo = tmp_path / "release-repo"
        shutil.copytree(ROOT, repo, ignore=shutil.ignore_patterns(".git", ".pytest_cache", "__pycache__"))
        subprocess.run(["git", "init", "-q", "-b", "main"], cwd=repo, check=True)
        subprocess.run(["git", "add", "."], cwd=repo, check=True)
        subprocess.run(
            ["git", "-c", "user.name=Pytest", "-c", "user.email=pytest@example.com", "commit", "-m", "release", "-q"],
            cwd=repo, check=True,
        )
        subprocess.run(
            ["git", "-c", "user.name=Pytest", "-c", "user.email=pytest@example.com", "tag", "-a", STACK_REF, "-m", STACK_REF],
            cwd=repo, check=True,
        )
        subprocess.run(["git", "remote", "add", "origin", origin_url], cwd=repo, check=True)
        if "::" in origin_url:
            subprocess.run(["git", "config", "--local", f"url.{repo}.insteadOf", origin_url], cwd=repo, check=True)
            rewritten = subprocess.run(
                ["git", "remote", "get-url", "origin"], cwd=repo, text=True, capture_output=True, check=True,
            )
            assert rewritten.stdout.strip() == str(repo)
        env = os.environ.copy()
        command = [
            "./scripts/release-check.sh", STACK_VERSION,
            "--validate-existing",
        ]
        if allow_local:
            command.append("--allow-local-origin")
        result = subprocess.run(
            command,
            cwd=repo, text=True, capture_output=True, env=env,
        )
        assert result.returncode == 1
>       assert expected_error in result.stderr
E       assert 'refuses remote-helper origin' in ".go required_stack_version is '0.3.18', expected '0.3.19'\n"
E        +  where ".go required_stack_version is '0.3.18', expected '0.3.19'\n" = CompletedProcess(args=['./scripts/release-check.sh', '0.3.19', '--validate-existing'], returncode=1, stdout='', stderr=".go required_stack_version is '0.3.18', expected '0.3.19'\n").stderr

tests/test_smoke.py:4395: AssertionError
_ test_release_preflight_rejects_untrusted_origin[git@github.com:viggomeesters/go-workflow-stack.git-False-requires the official HTTPS origin] _

tmp_path = PosixPath('/tmp/pytest-of-viggo/pytest-2810/test_release_preflight_rejects6')
origin_url = 'git@github.com:viggomeesters/go-workflow-stack.git'
allow_local = False, expected_error = 'requires the official HTTPS origin'

    @pytest.mark.parametrize(
        ("origin_url", "allow_local", "expected_error"),
        [
            ("https://example.com/attacker/go-workflow-stack.git", False, "refuses non-official origin"),
            ("ext::malicious-helper", True, "refuses remote-helper origin"),
            ("git+https://github.com/viggomeesters/go-workflow-stack.git", False, "refuses remote-helper origin"),
            ("Git+https://github.com/viggomeesters/go-workflow-stack.git", False, "refuses remote-helper origin"),
            ("git@github.com:viggomeesters/go-workflow-stack.git", False, "requires the official HTTPS origin"),
        ],
    )
    def test_release_preflight_rejects_untrusted_origin(
        tmp_path: Path, origin_url: str, allow_local: bool, expected_error: str,
    ):
        repo = tmp_path / "release-repo"
        shutil.copytree(ROOT, repo, ignore=shutil.ignore_patterns(".git", ".pytest_cache", "__pycache__"))
        subprocess.run(["git", "init", "-q", "-b", "main"], cwd=repo, check=True)
        subprocess.run(["git", "add", "."], cwd=repo, check=True)
        subprocess.run(
            ["git", "-c", "user.name=Pytest", "-c", "user.email=pytest@example.com", "commit", "-m", "release", "-q"],
            cwd=repo, check=True,
        )
        subprocess.run(
            ["git", "-c", "user.name=Pytest", "-c", "user.email=pytest@example.com", "tag", "-a", STACK_REF, "-m", STACK_REF],
            cwd=repo, check=True,
        )
        subprocess.run(["git", "remote", "add", "origin", origin_url], cwd=repo, check=True)
        if "::" in origin_url:
            subprocess.run(["git", "config", "--local", f"url.{repo}.insteadOf", origin_url], cwd=repo, check=True)
            rewritten = subprocess.run(
                ["git", "remote", "get-url", "origin"], cwd=repo, text=True, capture_output=True, check=True,
            )
            assert rewritten.stdout.strip() == str(repo)
        env = os.environ.copy()
        command = [
            "./scripts/release-check.sh", STACK_VERSION,
            "--validate-existing",
        ]
        if allow_local:
            command.append("--allow-local-origin")
        result = subprocess.run(
            command,
            cwd=repo, text=True, capture_output=True, env=env,
        )
        assert result.returncode == 1
>       assert expected_error in result.stderr
E       assert 'requires the official HTTPS origin' in ".go required_stack_version is '0.3.18', expected '0.3.19'\n"
E        +  where ".go required_stack_version is '0.3.18', expected '0.3.19'\n" = CompletedProcess(args=['./scripts/release-check.sh', '0.3.19', '--validate-existing'], returncode=1, stdout='', stderr=".go required_stack_version is '0.3.18', expected '0.3.19'\n").stderr

tests/test_smoke.py:4395: AssertionError
________ test_release_preflight_rejects_rewritten_annotated_tag_object _________

tmp_path = PosixPath('/tmp/pytest-of-viggo/pytest-2810/test_release_preflight_rejects7')

    def test_release_preflight_rejects_rewritten_annotated_tag_object(tmp_path: Path):
        repo = tmp_path / "release-repo"
        origin = tmp_path / "origin"
        release_tmp = tmp_path / "release-tmp"
        release_tmp.mkdir()
        shutil.copytree(ROOT, repo, ignore=shutil.ignore_patterns(".git", ".pytest_cache", "__pycache__"))
        subprocess.run(["git", "init", "-q", "-b", "main"], cwd=repo, check=True)
        subprocess.run(["git", "add", "."], cwd=repo, check=True)
        commit = ["git", "-c", "user.name=Pytest", "-c", "user.email=pytest@example.com", "commit", "-q"]
        subprocess.run([*commit, "-m", "remote release"], cwd=repo, check=True)
        tag = ["git", "-c", "user.name=Pytest", "-c", "user.email=pytest@example.com", "tag", "-a", STACK_REF, "-m", STACK_REF]
        subprocess.run(tag, cwd=repo, check=True)
        subprocess.run(["git", "clone", "-q", "--bare", str(repo), str(origin)], check=True)
        subprocess.run(
            ["git", "-c", "user.name=Pytest", "-c", "user.email=pytest@example.com", "tag", "-f", "-a", STACK_REF, "-m", "rewritten metadata", "HEAD"],
            cwd=repo, check=True,
        )
        subprocess.run(["git", "remote", "add", "origin", str(origin)], cwd=repo, check=True)
        env = os.environ.copy()
        env["TMPDIR"] = str(release_tmp)
        result = subprocess.run(
            [
                "./scripts/release-check.sh", STACK_VERSION,
                "--validate-existing", "--allow-local-origin",
            ],
            cwd=repo, text=True, capture_output=True, env=env,
        )
        assert result.returncode == 1
>       assert f"origin tag object {STACK_REF} does not match local annotated tag" in result.stderr
E       assert 'origin tag object v0.3.19 does not match local annotated tag' in ".go required_stack_version is '0.3.18', expected '0.3.19'\n"
E        +  where ".go required_stack_version is '0.3.18', expected '0.3.19'\n" = CompletedProcess(args=['./scripts/release-check.sh', '0.3.19', '--validate-existing', '--allow-local-origin'], returncode=1, stdout='', stderr=".go required_stack_version is '0.3.18', expected '0.3.19'\n").stderr

tests/test_smoke.py:4426: AssertionError
----------------------------- Captured stdout call -----------------------------
Updated tag 'v0.3.19' (was 85a949c)
=========================== short test summary info ============================
FAILED tests/test_smoke.py::test_release_preflight_is_local_and_version_synchronized
FAILED tests/test_smoke.py::test_release_preflight_allows_normal_tag_gate_before_origin_push
FAILED tests/test_smoke.py::test_release_preflight_sanitizes_git_config_for_real_gate
FAILED tests/test_smoke.py::test_release_preflight_rejects_tag_that_does_not_point_to_head
FAILED tests/test_smoke.py::test_release_preflight_fails_closed_when_git_status_cannot_read_index
FAILED tests/test_smoke.py::test_release_preflight_does_not_execute_repo_local_clean_filter
FAILED tests/test_smoke.py::test_release_preflight_cannot_hide_modified_file_with_index_flag[--assume-unchanged]
FAILED tests/test_smoke.py::test_release_preflight_cannot_hide_modified_file_with_index_flag[--skip-worktree]
FAILED tests/test_smoke.py::test_historical_release_gate_cannot_write_relative_file_into_caller_checkout
FAILED tests/test_smoke.py::test_release_launcher_bootstrap_ignores_git_replacement_for_head
FAILED tests/test_smoke.py::test_release_preflight_cannot_hide_untracked_files_with_git_config
FAILED tests/test_smoke.py::test_release_preflight_validates_existing_tag_from_separate_shallow_tips
FAILED tests/test_smoke.py::test_release_preflight_rejects_untrusted_origin[https://example.com/attacker/go-workflow-stack.git-False-refuses non-official origin]
FAILED tests/test_smoke.py::test_release_preflight_rejects_untrusted_origin[ext::malicious-helper-True-refuses remote-helper origin]
FAILED tests/test_smoke.py::test_release_preflight_rejects_untrusted_origin[git+https://github.com/viggomeesters/go-workflow-stack.git-False-refuses remote-helper origin]
FAILED tests/test_smoke.py::test_release_preflight_rejects_untrusted_origin[Git+https://github.com/viggomeesters/go-workflow-stack.git-False-refuses remote-helper origin]
FAILED tests/test_smoke.py::test_release_preflight_rejects_untrusted_origin[git@github.com:viggomeesters/go-workflow-stack.git-False-requires the official HTTPS origin]
FAILED tests/test_smoke.py::test_release_preflight_rejects_rewritten_annotated_tag_object
18 failed, 263 passed in 195.69s (0:03:15)
Traceback (most recent call last):
  File "<string>", line 1, in <module>
  File "<string>", line 13, in <module>
  File "<string>", line 9, in run
  File "/usr/lib/python3.12/subprocess.py", line 571, in run
    raise CalledProcessError(retcode, process.args,
subprocess.CalledProcessError: Command '['uv', 'run', '--python', '3.12', '--no-project', '--with', 'pytest>=8,<9', '--with', 'jsonschema>=4.23', 'python', '-m', 'pytest', 'tests/test_smoke.py', 'tests/test_architecture.py', 'tests/test_abc_contracts.py', 'tests/test_abc_phase_contracts.py', 'tests/test_abc_models.py', 'tests/test_abc_worktrees.py', 'tests/test_abc_context.py', 'tests/test_abc_resume.py', '-q']' returned non-zero exit status 1.
