RUN: git fetch /tmp/go-abc-01-xjyg7dz7/candidate.bundle main refs/tags/v0.3.18:refs/tags/v0.3.18
From /tmp/go-abc-01-xjyg7dz7/candidate.bundle
 * branch              main       -> FETCH_HEAD
 * [new tag]           v0.3.18    -> v0.3.18
RUN: git merge --ff-only FETCH_HEAD
Updating 75b74f77..ed6cd0fa
Fast-forward
 .go/architecture/events.jsonl         |   1 +
 .go/evidence/abc-03-candidate.log     | 147 ++++++++++++++++++++++++++++++++++
 .go/evidence/abc-03-focused.log       |   4 +
 .go/evidence/abc-03-integration.json  |  29 +++++++
 .go/evidence/abc-03-make.log          |  66 +++++++++++++++
 .go/evidence/abc-03-verification.json |  33 ++++++++
 .go/evidence/events.jsonl             |   7 ++
 .go/plans/abc-lifecycle.json          |   2 +-
 .go/tasks/active/abc-03.json          |  70 ++++++++++++----
 9 files changed, 344 insertions(+), 15 deletions(-)
 create mode 100644 .go/evidence/abc-03-candidate.log
 create mode 100644 .go/evidence/abc-03-focused.log
 create mode 100644 .go/evidence/abc-03-integration.json
 create mode 100644 .go/evidence/abc-03-make.log
 create mode 100644 .go/evidence/abc-03-verification.json
RUN: git rev-parse HEAD
ed6cd0fa145961308811a94893ee95695ff1c3ef
RUN: uv run --python 3.12 --no-project --with pytest>=8,<9 --with jsonschema>=4.23 python -m pytest tests/test_architecture.py tests/test_abc_contracts.py tests/test_abc_phase_contracts.py tests/test_abc_models.py tests/test_abc_worktrees.py tests/test_abc_context.py -q
........................................................................ [ 98%]
.                                                                        [100%]
73 passed in 24.24s
RUN: ./scripts/release-check.sh 0.3.18
release preflight: v0.3.18
tag: annotated v0.3.18 payload reconstructed from git archive with tag refs
local Linux/WSL verification with Python 3.11.15
........................................................................ [ 36%]
........................................................................ [ 73%]
.....................................................                    [100%]
197 passed in 123.38s (0:02:03)
ok: /tmp/tmp.OrIOzNLGph/go-workflow-stack/.go
template pairing: ok
local Linux/WSL verification: ok
Resolved 1 package in 2ms
   Building go-workflow-stack @ file:///tmp/tmp.OrIOzNLGph/go-workflow-stack
      Built go-workflow-stack @ file:///tmp/tmp.OrIOzNLGph/go-workflow-stack
Prepared 1 package in 1.13s
Installed 1 package in 15ms
 + go-workflow-stack==0.3.18 (from file:///tmp/tmp.OrIOzNLGph/go-workflow-stack)
Installed 1 executable: go-workflow
warning: `/tmp/tmp.BIVl0CuzlU/bin` is not on your PATH. To use installed tools, run `export PATH="/tmp/tmp.BIVl0CuzlU/bin:$PATH"` or `uv tool update-shell`.
initialized: /tmp/tmp.BIVl0CuzlU/fixture/.go
ok: /tmp/tmp.BIVl0CuzlU/fixture/.go
standalone uv tool distribution: ok
publish: not performed
ABC_FINAL_TAG_ALL_PASSED
