RUN: git fetch /tmp/go-abc-01-xjyg7dz7/candidate.bundle main refs/tags/v0.3.26:refs/tags/v0.3.26
From /tmp/go-abc-01-xjyg7dz7/candidate.bundle
 * branch                main       -> FETCH_HEAD
 * [new tag]             v0.3.26    -> v0.3.26
RUN: git merge --ff-only FETCH_HEAD
Updating 0d1d1c77a..b2d235610
Fast-forward
 .go/architecture/events.jsonl                      |   1 +
 .go/evidence/abc-10-candidate.log                  | 111 +++++
 .go/evidence/abc-10-critic-green.log               |   3 +
 .go/evidence/abc-10-critic-red.log                 |  34 ++
 .go/evidence/abc-10-integration.json               |  19 +
 .go/evidence/abc-10-live-binding.json              |   9 +
 .../abc-10-live/candidate-success/controller.log   |   5 +
 .../candidate-success/invocations/001.json         |  59 +++
 .../candidate-success/invocations/002.json         |  59 +++
 .../abc-10-live/candidate-success/live-result.json |  19 +
 .../abc-10-live/candidate-success/mode.json        |  17 +
 .../project/.go/architecture-principles.json       |  13 +
 .../project/.go/evidence/events.jsonl              |   7 +
 .../candidate-success/project/.go/hierarchy.json   |  22 +
 .../candidate-success/project/.go/project.json     |  33 ++
 ...eep-critic-16872f39d9f94e418038abcad303345d.txt |   9 +
 .../changes.patch                                  |   0
 .../context.json                                   | 300 ++++++++++++
 .../process-result.json                            |   6 +
 ...fa762909cf8ca6584ccc564b325d2eebeea76175fe95c4d |   1 +
 ...1f19af0e5dccc744df274b826abe585eaba68c525434806 |   1 +
 ...2867734c54b1e2604ddccbc08ba8809acd54dd9cc2ea736 |   5 +
 .../changes.patch                                  |  17 +
 .../context.json                                   | 391 +++++++++++++++
 .../process-result.json                            |   6 +
 .../command-df4984edd99e47028c5582b694d5bc82.json  |  14 +
 .../critic-0e88512dfb274cc18ee86a784573e6ab.json   |  67 +++
 .../release-b8e3f8f6cfa148779b10239d38a21281.json  |  26 +
 ...ification-f69ce19a5b384012b8100f70236b69e7.json |  35 ++
 .../.go/runs/campaign-1/model-selection.json       |  18 +
 .../.go/runs/campaign-1/publication-process.json   |  55 +++
 .../project/.go/runs/campaign-1/release-state.json | 133 ++++++
 .../project/.go/runs/campaign-1/run-state.json     | 520 ++++++++++++++++++++
 ...eep-critic-d9a1ab42ef4a45b0a60a6a5e80c6592c.txt |   5 +
 .../changes.patch                                  |   0
 .../context.json                                   | 388 +++++++++++++++
 .../process-result.json                            |   6 +
 ...46aadc7239b940c1d7068ad7b5d26fe1f33613250b9bb6f |   9 +
 ...557f9fd0412ed5a8cbca69ea04922d88c01184a07300a5a |   1 +
 ...96e4966d4e27c0371b437e2d2787890b1f7ad22d4ec5663 |   1 +
 .../changes.patch                                  |  26 +
 .../context.json                                   | 479 +++++++++++++++++++
 .../process-result.json                            |   6 +
 .../command-1784f31f01634f3a9a3da9c00263fe1f.json  |  14 +
 .../critic-8ac0d1fa100946b987503894907c9091.json   |  67 +++
 .../release-e2bcae1ce5254a97827aab7ba91ece50.json  |  26 +
 ...ification-4a0527cf7a7144e587bce0e21ef5e345.json |  35 ++
 .../.go/runs/campaign-2/model-selection.json       |  18 +
 .../.go/runs/campaign-2/publication-process.json   |  55 +++
 .../project/.go/runs/campaign-2/release-state.json | 133 ++++++
 .../project/.go/runs/campaign-2/run-state.json     | 527 +++++++++++++++++++++
 .../project/.go/runs/events.jsonl                  |   8 +
 ...3e09267f1f1f76fabeebf70d5f88f44a97f5fd2afb.json |   7 +
 .../project/.go/tasks/done/campaign-1.json         | 155 ++++++
 .../project/.go/tasks/done/campaign-2.json         | 162 +++++++
 .../candidate-success/project/.go/vision.json      |  21 +
 .../project/.go/workspaces/campaign-1.json         |  20 +
 .../project/.go/workspaces/campaign-2.json         |  20 +
 .../candidate-success/repository.bundle            | Bin 0 -> 5298 bytes
 .../candidate-success/runtime-source.json          |  60 +++
 .../candidate-writer-failure/controller.log        |  15 +
 .../candidate-writer-failure/interruption.json     |   8 +
 .../candidate-writer-failure/invocations/001.json  |  41 ++
 .../abc-10-live/candidate-writer-failure/mode.json |  17 +
 .../project/.go/architecture-principles.json       |  13 +
 .../project/.go/evidence/events.jsonl              |   1 +
 .../project/.go/hierarchy.json                     |  22 +
 .../project/.go/project.json                       |  33 ++
 .../changes.patch                                  |   0
 .../context.json                                   | 300 ++++++++++++
 .../process-result.json                            |   6 +
 ...1f19af0e5dccc744df274b826abe585eaba68c525434806 |   1 +
 .../changes.patch                                  |   0
 .../context.json                                   | 368 ++++++++++++++
 .../.go/runs/campaign-1/model-selection.json       |  18 +
 .../project/.go/runs/campaign-1/run-state.json     | 267 +++++++++++
 .../project/.go/runs/events.jsonl                  |   3 +
 .../project/.go/tasks/active/campaign-1.json       |  70 +++
 .../project/.go/tasks/open/campaign-2.json         |  76 +++
 .../project/.go/vision.json                        |  21 +
 .../project/.go/workspaces/campaign-1.json         |  15 +
 .../candidate-writer-failure/repository.bundle     | Bin 0 -> 4003 bytes
 .../candidate-writer-failure/runtime-source.json   |  60 +++
 .go/evidence/abc-10-live/manifest.json             | 406 ++++++++++++++++
 .../released-runtime-failure/controller.log        |  15 +
 .../released-runtime-failure/interruption.json     |   8 +
 .../released-runtime-failure/invocations/001.json  |  39 ++
 .../abc-10-live/released-runtime-failure/mode.json |  16 +
 .../project/.go/architecture-principles.json       |  13 +
 .../project/.go/evidence/events.jsonl              |   1 +
 .../project/.go/hierarchy.json                     |  22 +
 .../project/.go/project.json                       |  33 ++
 ...eep-critic-9240eb885ca24cc6b7f4fc2fab0c4af9.txt |   6 +
 .../changes.patch                                  |   0
 .../context.json                                   | 300 ++++++++++++
 .../process-result.json                            |   6 +
 ...fa762909cf8ca6584ccc564b325d2eebeea76175fe95c4d |   1 +
 ...1f19af0e5dccc744df274b826abe585eaba68c525434806 |   1 +
 ...2867734c54b1e2604ddccbc08ba8809acd54dd9cc2ea736 |   5 +
 .../changes.patch                                  |  17 +
 .../context.json                                   | 391 +++++++++++++++
 .../process-result.json                            |   6 +
 ...fa762909cf8ca6584ccc564b325d2eebeea76175fe95c4d |   1 +
 ...1f19af0e5dccc744df274b826abe585eaba68c525434806 |   1 +
 ...2867734c54b1e2604ddccbc08ba8809acd54dd9cc2ea736 |   5 +
 .../changes.patch                                  |  17 +
 .../context.json                                   | 423 +++++++++++++++++
 .../command-906013d551754008a631b8132964dd5d.json  |  14 +
 ...ification-afb216a3634846c0beecc723da293ee8.json |  35 ++
 .../.go/runs/campaign-1/model-selection.json       |  18 +
 .../.go/runs/campaign-1/publication-process.json   |  50 ++
 .../project/.go/runs/campaign-1/release-state.json |  70 +++
 .../project/.go/runs/campaign-1/run-state.json     | 505 ++++++++++++++++++++
 .../project/.go/runs/events.jsonl                  |   5 +
 ...75edd14e11bb9da2abfce7ee48b646af57186fdfb2.json |   7 +
 .../project/.go/tasks/active/campaign-1.json       |  77 +++
 .../project/.go/tasks/open/campaign-2.json         |  76 +++
 .../project/.go/vision.json                        |  21 +
 .../project/.go/workspaces/campaign-1.json         |  15 +
 .../released-runtime-failure/repository.bundle     | Bin 0 -> 4005 bytes
 .go/evidence/abc-10-make.log                       |  66 +++
 .go/evidence/abc-10-regressions.log                |  62 +++
 .go/evidence/abc-10-verification.json              |  31 ++
 .go/evidence/abc-10-writer-green.log               |   3 +
 .go/evidence/abc-10-writer-red.log                 |  34 ++
 .go/evidence/events.jsonl                          |   7 +
 .go/runs/abc-10/completion-state.json              | 179 +++++++
 .../command-782f576a7aaf44408918386dee2cf34f.json  |  14 +
 .../command-d80d6b89a5f64000b799bb0b09085faa.json  |  14 +
 .../command-f5522ee66cae41d68a0c44c191db98ee.json  |  14 +
 .../critic-62b66dc27522409f9868edb4b66d76ac.json   |  30 ++
 ...ification-cdcfd84dcc444b41b898c2ac17c40917.json | 102 ++++
 .go/tasks/active/abc-10.json                       |  81 +++-
 133 files changed, 8868 insertions(+), 14 deletions(-)
 create mode 100644 .go/evidence/abc-10-candidate.log
 create mode 100644 .go/evidence/abc-10-critic-green.log
 create mode 100644 .go/evidence/abc-10-critic-red.log
 create mode 100644 .go/evidence/abc-10-integration.json
 create mode 100644 .go/evidence/abc-10-live-binding.json
 create mode 100644 .go/evidence/abc-10-live/candidate-success/controller.log
 create mode 100644 .go/evidence/abc-10-live/candidate-success/invocations/001.json
 create mode 100644 .go/evidence/abc-10-live/candidate-success/invocations/002.json
 create mode 100644 .go/evidence/abc-10-live/candidate-success/live-result.json
 create mode 100644 .go/evidence/abc-10-live/candidate-success/mode.json
 create mode 100644 .go/evidence/abc-10-live/candidate-success/project/.go/architecture-principles.json
 create mode 100644 .go/evidence/abc-10-live/candidate-success/project/.go/evidence/events.jsonl
 create mode 100644 .go/evidence/abc-10-live/candidate-success/project/.go/hierarchy.json
 create mode 100644 .go/evidence/abc-10-live/candidate-success/project/.go/project.json
 create mode 100644 .go/evidence/abc-10-live/candidate-success/project/.go/runs/campaign-1/attempt-01/deep-critic-16872f39d9f94e418038abcad303345d.txt
 create mode 100644 .go/evidence/abc-10-live/candidate-success/project/.go/runs/campaign-1/campaign-1-run/build-01-1b7ae993f19d4a75b09545bd7cd78c18/changes.patch
 create mode 100644 .go/evidence/abc-10-live/candidate-success/project/.go/runs/campaign-1/campaign-1-run/build-01-1b7ae993f19d4a75b09545bd7cd78c18/context.json
 create mode 100644 .go/evidence/abc-10-live/candidate-success/project/.go/runs/campaign-1/campaign-1-run/build-01-1b7ae993f19d4a75b09545bd7cd78c18/process-result.json
 create mode 100644 .go/evidence/abc-10-live/candidate-success/project/.go/runs/campaign-1/campaign-1-run/critic-01-737ffbd15c5e4d508b75bc691bffc054/blob-1e5b51cde515396a9fa762909cf8ca6584ccc564b325d2eebeea76175fe95c4d
 create mode 100644 .go/evidence/abc-10-live/candidate-success/project/.go/runs/campaign-1/campaign-1-run/critic-01-737ffbd15c5e4d508b75bc691bffc054/blob-2c8b08da5ce60398e1f19af0e5dccc744df274b826abe585eaba68c525434806
 create mode 100644 .go/evidence/abc-10-live/candidate-success/project/.go/runs/campaign-1/campaign-1-run/critic-01-737ffbd15c5e4d508b75bc691bffc054/blob-ca8da2abc5df7dc5f2867734c54b1e2604ddccbc08ba8809acd54dd9cc2ea736
 create mode 100644 .go/evidence/abc-10-live/candidate-success/project/.go/runs/campaign-1/campaign-1-run/critic-01-737ffbd15c5e4d508b75bc691bffc054/changes.patch
 create mode 100644 .go/evidence/abc-10-live/candidate-success/project/.go/runs/campaign-1/campaign-1-run/critic-01-737ffbd15c5e4d508b75bc691bffc054/context.json
 create mode 100644 .go/evidence/abc-10-live/candidate-success/project/.go/runs/campaign-1/campaign-1-run/critic-01-737ffbd15c5e4d508b75bc691bffc054/process-result.json
 create mode 100644 .go/evidence/abc-10-live/candidate-success/project/.go/runs/campaign-1/completion/command-df4984edd99e47028c5582b694d5bc82.json
 create mode 100644 .go/evidence/abc-10-live/candidate-success/project/.go/runs/campaign-1/completion/critic-0e88512dfb274cc18ee86a784573e6ab.json
 create mode 100644 .go/evidence/abc-10-live/candidate-success/project/.go/runs/campaign-1/completion/release-b8e3f8f6cfa148779b10239d38a21281.json
 create mode 100644 .go/evidence/abc-10-live/candidate-success/project/.go/runs/campaign-1/completion/verification-f69ce19a5b384012b8100f70236b69e7.json
 create mode 100644 .go/evidence/abc-10-live/candidate-success/project/.go/runs/campaign-1/model-selection.json
 create mode 100644 .go/evidence/abc-10-live/candidate-success/project/.go/runs/campaign-1/publication-process.json
 create mode 100644 .go/evidence/abc-10-live/candidate-success/project/.go/runs/campaign-1/release-state.json
 create mode 100644 .go/evidence/abc-10-live/candidate-success/project/.go/runs/campaign-1/run-state.json
 create mode 100644 .go/evidence/abc-10-live/candidate-success/project/.go/runs/campaign-2/attempt-01/deep-critic-d9a1ab42ef4a45b0a60a6a5e80c6592c.txt
 create mode 100644 .go/evidence/abc-10-live/candidate-success/project/.go/runs/campaign-2/campaign-2-run/build-01-7a2e69575e3e4f0c8b31e95a4823d082/changes.patch
 create mode 100644 .go/evidence/abc-10-live/candidate-success/project/.go/runs/campaign-2/campaign-2-run/build-01-7a2e69575e3e4f0c8b31e95a4823d082/context.json
 create mode 100644 .go/evidence/abc-10-live/candidate-success/project/.go/runs/campaign-2/campaign-2-run/build-01-7a2e69575e3e4f0c8b31e95a4823d082/process-result.json
 create mode 100644 .go/evidence/abc-10-live/candidate-success/project/.go/runs/campaign-2/campaign-2-run/critic-01-654c909298d8402d8a7a9b0da95617d4/blob-08dfe6dcb3e85f2a246aadc7239b940c1d7068ad7b5d26fe1f33613250b9bb6f
 create mode 100644 .go/evidence/abc-10-live/candidate-success/project/.go/runs/campaign-2/campaign-2-run/critic-01-654c909298d8402d8a7a9b0da95617d4/blob-27dd8ed44a83ff94d557f9fd0412ed5a8cbca69ea04922d88c01184a07300a5a
 create mode 100644 .go/evidence/abc-10-live/candidate-success/project/.go/runs/campaign-2/campaign-2-run/critic-01-654c909298d8402d8a7a9b0da95617d4/blob-64d23f858ef51b0f996e4966d4e27c0371b437e2d2787890b1f7ad22d4ec5663
 create mode 100644 .go/evidence/abc-10-live/candidate-success/project/.go/runs/campaign-2/campaign-2-run/critic-01-654c909298d8402d8a7a9b0da95617d4/changes.patch
 create mode 100644 .go/evidence/abc-10-live/candidate-success/project/.go/runs/campaign-2/campaign-2-run/critic-01-654c909298d8402d8a7a9b0da95617d4/context.json
 create mode 100644 .go/evidence/abc-10-live/candidate-success/project/.go/runs/campaign-2/campaign-2-run/critic-01-654c909298d8402d8a7a9b0da95617d4/process-result.json
 create mode 100644 .go/evidence/abc-10-live/candidate-success/project/.go/runs/campaign-2/completion/command-1784f31f01634f3a9a3da9c00263fe1f.json
 create mode 100644 .go/evidence/abc-10-live/candidate-success/project/.go/runs/campaign-2/completion/critic-8ac0d1fa100946b987503894907c9091.json
 create mode 100644 .go/evidence/abc-10-live/candidate-success/project/.go/runs/campaign-2/completion/release-e2bcae1ce5254a97827aab7ba91ece50.json
 create mode 100644 .go/evidence/abc-10-live/candidate-success/project/.go/runs/campaign-2/completion/verification-4a0527cf7a7144e587bce0e21ef5e345.json
 create mode 100644 .go/evidence/abc-10-live/candidate-success/project/.go/runs/campaign-2/model-selection.json
 create mode 100644 .go/evidence/abc-10-live/candidate-success/project/.go/runs/campaign-2/publication-process.json
 create mode 100644 .go/evidence/abc-10-live/candidate-success/project/.go/runs/campaign-2/release-state.json
 create mode 100644 .go/evidence/abc-10-live/candidate-success/project/.go/runs/campaign-2/run-state.json
 create mode 100644 .go/evidence/abc-10-live/candidate-success/project/.go/runs/events.jsonl
 create mode 100644 .go/evidence/abc-10-live/candidate-success/project/.go/runs/publication-reservations/b84fd57712be8d08af0d3f3e09267f1f1f76fabeebf70d5f88f44a97f5fd2afb.json
 create mode 100644 .go/evidence/abc-10-live/candidate-success/project/.go/tasks/done/campaign-1.json
 create mode 100644 .go/evidence/abc-10-live/candidate-success/project/.go/tasks/done/campaign-2.json
 create mode 100644 .go/evidence/abc-10-live/candidate-success/project/.go/vision.json
 create mode 100644 .go/evidence/abc-10-live/candidate-success/project/.go/workspaces/campaign-1.json
 create mode 100644 .go/evidence/abc-10-live/candidate-success/project/.go/workspaces/campaign-2.json
 create mode 100644 .go/evidence/abc-10-live/candidate-success/repository.bundle
 create mode 100644 .go/evidence/abc-10-live/candidate-success/runtime-source.json
 create mode 100644 .go/evidence/abc-10-live/candidate-writer-failure/controller.log
 create mode 100644 .go/evidence/abc-10-live/candidate-writer-failure/interruption.json
 create mode 100644 .go/evidence/abc-10-live/candidate-writer-failure/invocations/001.json
 create mode 100644 .go/evidence/abc-10-live/candidate-writer-failure/mode.json
 create mode 100644 .go/evidence/abc-10-live/candidate-writer-failure/project/.go/architecture-principles.json
 create mode 100644 .go/evidence/abc-10-live/candidate-writer-failure/project/.go/evidence/events.jsonl
 create mode 100644 .go/evidence/abc-10-live/candidate-writer-failure/project/.go/hierarchy.json
 create mode 100644 .go/evidence/abc-10-live/candidate-writer-failure/project/.go/project.json
 create mode 100644 .go/evidence/abc-10-live/candidate-writer-failure/project/.go/runs/campaign-1/campaign-1-run/build-01-bbe70a29b9a54562a39ecc02b5d72f8e/changes.patch
 create mode 100644 .go/evidence/abc-10-live/candidate-writer-failure/project/.go/runs/campaign-1/campaign-1-run/build-01-bbe70a29b9a54562a39ecc02b5d72f8e/context.json
 create mode 100644 .go/evidence/abc-10-live/candidate-writer-failure/project/.go/runs/campaign-1/campaign-1-run/build-01-bbe70a29b9a54562a39ecc02b5d72f8e/process-result.json
 create mode 100644 .go/evidence/abc-10-live/candidate-writer-failure/project/.go/runs/campaign-1/campaign-1-run/repair-02-27ccb0843ab14ae892dfe2ec4d6c87f5/blob-2c8b08da5ce60398e1f19af0e5dccc744df274b826abe585eaba68c525434806
 create mode 100644 .go/evidence/abc-10-live/candidate-writer-failure/project/.go/runs/campaign-1/campaign-1-run/repair-02-27ccb0843ab14ae892dfe2ec4d6c87f5/changes.patch
 create mode 100644 .go/evidence/abc-10-live/candidate-writer-failure/project/.go/runs/campaign-1/campaign-1-run/repair-02-27ccb0843ab14ae892dfe2ec4d6c87f5/context.json
 create mode 100644 .go/evidence/abc-10-live/candidate-writer-failure/project/.go/runs/campaign-1/model-selection.json
 create mode 100644 .go/evidence/abc-10-live/candidate-writer-failure/project/.go/runs/campaign-1/run-state.json
 create mode 100644 .go/evidence/abc-10-live/candidate-writer-failure/project/.go/runs/events.jsonl
 create mode 100644 .go/evidence/abc-10-live/candidate-writer-failure/project/.go/tasks/active/campaign-1.json
 create mode 100644 .go/evidence/abc-10-live/candidate-writer-failure/project/.go/tasks/open/campaign-2.json
 create mode 100644 .go/evidence/abc-10-live/candidate-writer-failure/project/.go/vision.json
 create mode 100644 .go/evidence/abc-10-live/candidate-writer-failure/project/.go/workspaces/campaign-1.json
 create mode 100644 .go/evidence/abc-10-live/candidate-writer-failure/repository.bundle
 create mode 100644 .go/evidence/abc-10-live/candidate-writer-failure/runtime-source.json
 create mode 100644 .go/evidence/abc-10-live/manifest.json
 create mode 100644 .go/evidence/abc-10-live/released-runtime-failure/controller.log
 create mode 100644 .go/evidence/abc-10-live/released-runtime-failure/interruption.json
 create mode 100644 .go/evidence/abc-10-live/released-runtime-failure/invocations/001.json
 create mode 100644 .go/evidence/abc-10-live/released-runtime-failure/mode.json
 create mode 100644 .go/evidence/abc-10-live/released-runtime-failure/project/.go/architecture-principles.json
 create mode 100644 .go/evidence/abc-10-live/released-runtime-failure/project/.go/evidence/events.jsonl
 create mode 100644 .go/evidence/abc-10-live/released-runtime-failure/project/.go/hierarchy.json
 create mode 100644 .go/evidence/abc-10-live/released-runtime-failure/project/.go/project.json
 create mode 100644 .go/evidence/abc-10-live/released-runtime-failure/project/.go/runs/campaign-1/attempt-01/deep-critic-9240eb885ca24cc6b7f4fc2fab0c4af9.txt
 create mode 100644 .go/evidence/abc-10-live/released-runtime-failure/project/.go/runs/campaign-1/campaign-1-run/build-01-5f4a62e5facb441eaf361e9364d084d3/changes.patch
 create mode 100644 .go/evidence/abc-10-live/released-runtime-failure/project/.go/runs/campaign-1/campaign-1-run/build-01-5f4a62e5facb441eaf361e9364d084d3/context.json
 create mode 100644 .go/evidence/abc-10-live/released-runtime-failure/project/.go/runs/campaign-1/campaign-1-run/build-01-5f4a62e5facb441eaf361e9364d084d3/process-result.json
 create mode 100644 .go/evidence/abc-10-live/released-runtime-failure/project/.go/runs/campaign-1/campaign-1-run/critic-01-8076a64b1e5c45eeab2a615f75224caf/blob-1e5b51cde515396a9fa762909cf8ca6584ccc564b325d2eebeea76175fe95c4d
 create mode 100644 .go/evidence/abc-10-live/released-runtime-failure/project/.go/runs/campaign-1/campaign-1-run/critic-01-8076a64b1e5c45eeab2a615f75224caf/blob-2c8b08da5ce60398e1f19af0e5dccc744df274b826abe585eaba68c525434806
 create mode 100644 .go/evidence/abc-10-live/released-runtime-failure/project/.go/runs/campaign-1/campaign-1-run/critic-01-8076a64b1e5c45eeab2a615f75224caf/blob-ca8da2abc5df7dc5f2867734c54b1e2604ddccbc08ba8809acd54dd9cc2ea736
 create mode 100644 .go/evidence/abc-10-live/released-runtime-failure/project/.go/runs/campaign-1/campaign-1-run/critic-01-8076a64b1e5c45eeab2a615f75224caf/changes.patch
 create mode 100644 .go/evidence/abc-10-live/released-runtime-failure/project/.go/runs/campaign-1/campaign-1-run/critic-01-8076a64b1e5c45eeab2a615f75224caf/context.json
 create mode 100644 .go/evidence/abc-10-live/released-runtime-failure/project/.go/runs/campaign-1/campaign-1-run/critic-01-8076a64b1e5c45eeab2a615f75224caf/process-result.json
 create mode 100644 .go/evidence/abc-10-live/released-runtime-failure/project/.go/runs/campaign-1/campaign-1-run/repair-02-4dfdcfc33c69472b9e22c54d53d16cce/blob-1e5b51cde515396a9fa762909cf8ca6584ccc564b325d2eebeea76175fe95c4d
 create mode 100644 .go/evidence/abc-10-live/released-runtime-failure/project/.go/runs/campaign-1/campaign-1-run/repair-02-4dfdcfc33c69472b9e22c54d53d16cce/blob-2c8b08da5ce60398e1f19af0e5dccc744df274b826abe585eaba68c525434806
 create mode 100644 .go/evidence/abc-10-live/released-runtime-failure/project/.go/runs/campaign-1/campaign-1-run/repair-02-4dfdcfc33c69472b9e22c54d53d16cce/blob-ca8da2abc5df7dc5f2867734c54b1e2604ddccbc08ba8809acd54dd9cc2ea736
 create mode 100644 .go/evidence/abc-10-live/released-runtime-failure/project/.go/runs/campaign-1/campaign-1-run/repair-02-4dfdcfc33c69472b9e22c54d53d16cce/changes.patch
 create mode 100644 .go/evidence/abc-10-live/released-runtime-failure/project/.go/runs/campaign-1/campaign-1-run/repair-02-4dfdcfc33c69472b9e22c54d53d16cce/context.json
 create mode 100644 .go/evidence/abc-10-live/released-runtime-failure/project/.go/runs/campaign-1/completion/command-906013d551754008a631b8132964dd5d.json
 create mode 100644 .go/evidence/abc-10-live/released-runtime-failure/project/.go/runs/campaign-1/completion/verification-afb216a3634846c0beecc723da293ee8.json
 create mode 100644 .go/evidence/abc-10-live/released-runtime-failure/project/.go/runs/campaign-1/model-selection.json
 create mode 100644 .go/evidence/abc-10-live/released-runtime-failure/project/.go/runs/campaign-1/publication-process.json
 create mode 100644 .go/evidence/abc-10-live/released-runtime-failure/project/.go/runs/campaign-1/release-state.json
 create mode 100644 .go/evidence/abc-10-live/released-runtime-failure/project/.go/runs/campaign-1/run-state.json
 create mode 100644 .go/evidence/abc-10-live/released-runtime-failure/project/.go/runs/events.jsonl
 create mode 100644 .go/evidence/abc-10-live/released-runtime-failure/project/.go/runs/publication-reservations/639456a6e7d927a3eb01a675edd14e11bb9da2abfce7ee48b646af57186fdfb2.json
 create mode 100644 .go/evidence/abc-10-live/released-runtime-failure/project/.go/tasks/active/campaign-1.json
 create mode 100644 .go/evidence/abc-10-live/released-runtime-failure/project/.go/tasks/open/campaign-2.json
 create mode 100644 .go/evidence/abc-10-live/released-runtime-failure/project/.go/vision.json
 create mode 100644 .go/evidence/abc-10-live/released-runtime-failure/project/.go/workspaces/campaign-1.json
 create mode 100644 .go/evidence/abc-10-live/released-runtime-failure/repository.bundle
 create mode 100644 .go/evidence/abc-10-make.log
 create mode 100644 .go/evidence/abc-10-regressions.log
 create mode 100644 .go/evidence/abc-10-verification.json
 create mode 100644 .go/evidence/abc-10-writer-green.log
 create mode 100644 .go/evidence/abc-10-writer-red.log
 create mode 100644 .go/runs/abc-10/completion-state.json
 create mode 100644 .go/runs/abc-10/completion/command-782f576a7aaf44408918386dee2cf34f.json
 create mode 100644 .go/runs/abc-10/completion/command-d80d6b89a5f64000b799bb0b09085faa.json
 create mode 100644 .go/runs/abc-10/completion/command-f5522ee66cae41d68a0c44c191db98ee.json
 create mode 100644 .go/runs/abc-10/completion/critic-62b66dc27522409f9868edb4b66d76ac.json
 create mode 100644 .go/runs/abc-10/completion/verification-cdcfd84dcc444b41b898c2ac17c40917.json
RUN: git rev-parse HEAD
b2d235610691eead011cc738f278887a99e4bbe0
RUN: ./scripts/release-check.sh 0.3.26
release preflight: v0.3.26
tag: annotated v0.3.26 payload reconstructed from git archive with tag refs
local Linux/WSL verification with Python 3.11.15
........................................................................ [ 36%]
........................................................................ [ 73%]
.....................................................                    [100%]
197 passed in 133.00s (0:02:12)
ok: /tmp/tmp.R9Q6X4joGa/go-workflow-stack/.go
template pairing: ok
local Linux/WSL verification: ok
Resolved 1 package in 2ms
   Building go-workflow-stack @ file:///tmp/tmp.R9Q6X4joGa/go-workflow-stack
      Built go-workflow-stack @ file:///tmp/tmp.R9Q6X4joGa/go-workflow-stack
Prepared 1 package in 1.24s
Installed 1 package in 17ms
 + go-workflow-stack==0.3.26 (from file:///tmp/tmp.R9Q6X4joGa/go-workflow-stack)
Installed 1 executable: go-workflow
warning: `/tmp/tmp.VIlmdpDC4j/bin` is not on your PATH. To use installed tools, run `export PATH="/tmp/tmp.VIlmdpDC4j/bin:$PATH"` or `uv tool update-shell`.
initialized: /tmp/tmp.VIlmdpDC4j/fixture/.go
ok: /tmp/tmp.VIlmdpDC4j/fixture/.go
standalone uv tool distribution: ok
publish: not performed
ABC_FINAL_TAG_ALL_PASSED
