RUN: git fetch /tmp/go-abc-01-xjyg7dz7/candidate.bundle main refs/tags/v0.3.23:refs/tags/v0.3.23
From /tmp/go-abc-01-xjyg7dz7/candidate.bundle
 * branch              main       -> FETCH_HEAD
 * [new tag]           v0.3.23    -> v0.3.23
RUN: git merge --ff-only FETCH_HEAD
Updating 2e4e28d66..654077ace
Fast-forward
 .go/architecture/events.jsonl                      |   1 +
 .go/evidence/abc-07-candidate.log                  | 162 +++++++++++++++++++++
 .go/evidence/abc-07-focused.log                    |   2 +
 .go/evidence/abc-07-integration.json               |  19 +++
 .go/evidence/abc-07-make.log                       |  65 +++++++++
 .go/evidence/abc-07-verification.json              |  32 ++++
 .go/evidence/events.jsonl                          |   5 +
 .go/runs/abc-07/completion-state.json              | 159 ++++++++++++++++++++
 .../command-0e926971056a4c50b4ef5652b636ef8c.json  |  14 ++
 .../command-3eb1667d91b04424908532fe946db912.json  |  14 ++
 .../command-938af935678b4c7c814c59ddf78ba826.json  |  14 ++
 .../critic-de4b342711964c499f45f935ece22778.json   |  36 +++++
 ...ification-796ec90e05374f0e99221dc31330997a.json |  96 ++++++++++++
 .go/tasks/active/abc-07.json                       |  61 ++++++--
 14 files changed, 670 insertions(+), 10 deletions(-)
 create mode 100644 .go/evidence/abc-07-candidate.log
 create mode 100644 .go/evidence/abc-07-focused.log
 create mode 100644 .go/evidence/abc-07-integration.json
 create mode 100644 .go/evidence/abc-07-make.log
 create mode 100644 .go/evidence/abc-07-verification.json
 create mode 100644 .go/runs/abc-07/completion-state.json
 create mode 100644 .go/runs/abc-07/completion/command-0e926971056a4c50b4ef5652b636ef8c.json
 create mode 100644 .go/runs/abc-07/completion/command-3eb1667d91b04424908532fe946db912.json
 create mode 100644 .go/runs/abc-07/completion/command-938af935678b4c7c814c59ddf78ba826.json
 create mode 100644 .go/runs/abc-07/completion/critic-de4b342711964c499f45f935ece22778.json
 create mode 100644 .go/runs/abc-07/completion/verification-796ec90e05374f0e99221dc31330997a.json
RUN: git rev-parse HEAD
654077aceee71c136a7c2473140b301d4385fc53
RUN: ./scripts/release-check.sh 0.3.23
release preflight: v0.3.23
tag: annotated v0.3.23 payload reconstructed from git archive with tag refs
local Linux/WSL verification with Python 3.11.15
........................................................................ [ 36%]
........................................................................ [ 73%]
.....................................................                    [100%]
197 passed in 129.03s (0:02:09)
ok: /tmp/tmp.gIb4mrTTq9/go-workflow-stack/.go
template pairing: ok
local Linux/WSL verification: ok
Resolved 1 package in 2ms
   Building go-workflow-stack @ file:///tmp/tmp.gIb4mrTTq9/go-workflow-stack
      Built go-workflow-stack @ file:///tmp/tmp.gIb4mrTTq9/go-workflow-stack
Prepared 1 package in 1.32s
Installed 1 package in 17ms
 + go-workflow-stack==0.3.23 (from file:///tmp/tmp.gIb4mrTTq9/go-workflow-stack)
Installed 1 executable: go-workflow
warning: `/tmp/tmp.Egxhg10Apt/bin` is not on your PATH. To use installed tools, run `export PATH="/tmp/tmp.Egxhg10Apt/bin:$PATH"` or `uv tool update-shell`.
initialized: /tmp/tmp.Egxhg10Apt/fixture/.go
ok: /tmp/tmp.Egxhg10Apt/fixture/.go
standalone uv tool distribution: ok
publish: not performed
ABC_FINAL_TAG_ALL_PASSED
