WARN `--no-project` was provided, but no project was found
RUN: git fetch /tmp/go-abc-01-xjyg7dz7/reliability-05-tagcheck.bundle main --tags
From /tmp/go-abc-01-xjyg7dz7/reliability-05-tagcheck.bundle
 * branch            main       -> FETCH_HEAD
 * [new tag]         v0.3.32    -> v0.3.32
RUN: git merge --ff-only FETCH_HEAD
Updating a406249..35f2065
Fast-forward
 .go/architecture/events.jsonl                      |   1 +
 .go/evidence/events.jsonl                          |   3 +
 .go/evidence/reliability-05-candidate.log          | 108 ++++++++++++++++
 .go/evidence/reliability-05-green.log              |   2 +
 .go/evidence/reliability-05-host-green.log         |   2 +
 .go/evidence/reliability-05-host-red.log           |  28 ++++
 .go/evidence/reliability-05-integration.json       |  19 +++
 .go/evidence/reliability-05-make.log               |  65 ++++++++++
 .go/evidence/reliability-05-red.log                | 144 +++++++++++++++++++++
 .go/evidence/reliability-05-regressions.log        |   2 +
 .go/evidence/reliability-05-verification.json      |  17 +++
 .go/runs/events.jsonl                              |   1 +
 .go/runs/reliability-05/completion-state.json      | 144 +++++++++++++++++++++
 .../command-38ddafbe15884b74b3c7a3981b6507b2.json  |  14 ++
 .../command-5b4847b79bd64dd69a5deb3accbee1bd.json  |  14 ++
 .../command-a95442e4eb164acb8935c8b16dfe9615.json  |  14 ++
 .../command-ac35943ec1bc491bb2f916f55a031cc7.json  |  14 ++
 .../command-c51eb926eaf24d9085996d85dc794541.json  |  14 ++
 .../command-e4ec8fc6485a4e9ca8abd372a9a45ded.json  |  14 ++
 .../critic-709589db92544581b9fe0fa056d92af8.json   |  33 +++++
 ...ification-7513511fcb354867b5adfcea7e01b152.json |  90 +++++++++++++
 ...ification-7b75e2ff4df14112b50da5f9d72c7ee0.json |  87 +++++++++++++
 .go/tasks/active/reliability-05.json               |  38 ++++--
 23 files changed, 860 insertions(+), 8 deletions(-)
 create mode 100644 .go/evidence/reliability-05-candidate.log
 create mode 100644 .go/evidence/reliability-05-green.log
 create mode 100644 .go/evidence/reliability-05-host-green.log
 create mode 100644 .go/evidence/reliability-05-host-red.log
 create mode 100644 .go/evidence/reliability-05-integration.json
 create mode 100644 .go/evidence/reliability-05-make.log
 create mode 100644 .go/evidence/reliability-05-red.log
 create mode 100644 .go/evidence/reliability-05-regressions.log
 create mode 100644 .go/evidence/reliability-05-verification.json
 create mode 100644 .go/runs/reliability-05/completion-state.json
 create mode 100644 .go/runs/reliability-05/completion/command-38ddafbe15884b74b3c7a3981b6507b2.json
 create mode 100644 .go/runs/reliability-05/completion/command-5b4847b79bd64dd69a5deb3accbee1bd.json
 create mode 100644 .go/runs/reliability-05/completion/command-a95442e4eb164acb8935c8b16dfe9615.json
 create mode 100644 .go/runs/reliability-05/completion/command-ac35943ec1bc491bb2f916f55a031cc7.json
 create mode 100644 .go/runs/reliability-05/completion/command-c51eb926eaf24d9085996d85dc794541.json
 create mode 100644 .go/runs/reliability-05/completion/command-e4ec8fc6485a4e9ca8abd372a9a45ded.json
 create mode 100644 .go/runs/reliability-05/completion/critic-709589db92544581b9fe0fa056d92af8.json
 create mode 100644 .go/runs/reliability-05/completion/verification-7513511fcb354867b5adfcea7e01b152.json
 create mode 100644 .go/runs/reliability-05/completion/verification-7b75e2ff4df14112b50da5f9d72c7ee0.json
RUN: git remote set-url origin https://github.com/viggomeesters/go-workflow-stack.git
RUN: git rev-parse HEAD
35f20653ea490c718264f3e63a0edb295c164790
RUN: ./scripts/release-check.sh 0.3.32
release preflight: v0.3.32
tag: annotated v0.3.32 payload reconstructed from git archive with tag refs
local Linux/WSL verification with Python 3.11.15
........................................................................ [ 57%]
......................................................                   [100%]
126 passed in 53.80s
compatibility release gate: passed
........................................................................ [ 36%]
........................................................................ [ 73%]
.....................................................                    [100%]
197 passed in 153.27s (0:02:33)
ok: /tmp/tmp.IksGWeo0HL/go-workflow-stack/.go
template pairing: ok
local Linux/WSL verification: ok
Resolved 1 package in 2ms
   Building go-workflow-stack @ file:///tmp/tmp.IksGWeo0HL/go-workflow-stack
      Built go-workflow-stack @ file:///tmp/tmp.IksGWeo0HL/go-workflow-stack
Prepared 1 package in 1.27s
Installed 1 package in 19ms
 + go-workflow-stack==0.3.32 (from file:///tmp/tmp.IksGWeo0HL/go-workflow-stack)
Installed 1 executable: go-workflow
warning: `/tmp/tmp.ZyTvmqkJk4/bin` is not on your PATH. To use installed tools, run `export PATH="/tmp/tmp.ZyTvmqkJk4/bin:$PATH"` or `uv tool update-shell`.
initialized: /tmp/tmp.ZyTvmqkJk4/fixture/.go
ok: /tmp/tmp.ZyTvmqkJk4/fixture/.go
standalone uv tool distribution: ok
publish: not performed
reliability-05-tagcheck-ALL-PASSED
